2026-07-10 11:34:17,016 - INFO - [SYSTEM] - [MODE:MATERIAL] - [STRATEGY:NONE] - [COOKIE:NO] - 启动时检查工具和 Cookie 状态...
2026-07-10 11:34:17,018 - INFO - [SYSTEM] - [MODE:MATERIAL] - [STRATEGY:NONE] - [COOKIE:NO] - Deno.js解析引擎已启动就绪
2026-07-10 11:34:17,019 - INFO - [SYSTEM] - [MODE:MATERIAL] - [STRATEGY:NONE] - [COOKIE:NO] - 所有必要工具已就绪
2026-07-10 11:34:17,020 - INFO - [SYSTEM] - [MODE:MATERIAL] - [STRATEGY:NONE] - [COOKIE:NO] - [11:34:17] Cookie health check:
2026-07-10 11:34:17,020 - INFO - [SYSTEM] - [MODE:MATERIAL] - [STRATEGY:NONE] - [COOKIE:NO] -   YouTube: healthy | score=95 | size=1.58 KB | Cookie valid until 2027-05-25 10:59
2026-07-10 11:34:17,021 - INFO - [SYSTEM] - [MODE:MATERIAL] - [STRATEGY:NONE] - [COOKIE:NO] -   Instagram: healthy | score=95 | size=854.00 B | Cookie valid until 2027-06-04 13:58
2026-07-10 11:34:17,021 - INFO - [SYSTEM] - [MODE:MATERIAL] - [STRATEGY:NONE] - [COOKIE:NO] -   TikTok: healthy | score=95 | size=4.23 KB | Cookie valid until 2027-04-30 13:57
2026-07-10 11:34:17,021 - INFO - [SYSTEM] - [MODE:MATERIAL] - [STRATEGY:NONE] - [COOKIE:NO] -   Twitter: healthy | score=95 | size=1.26 KB | Cookie valid until 2027-07-10 11:13
2026-07-10 11:34:19,197 - INFO - [SYSTEM] - [MODE:MATERIAL] - [STRATEGY:NONE] - [COOKIE:NO] - 发现新版本 4.3，下载地址：https://github.com/Vidoon91/vidoon-update/releases/download/latest/Vidoon2026_latest.zip
2026-07-10 11:34:22,290 - INFO - [SYSTEM] - [MODE:MATERIAL] - [STRATEGY:NONE] - [COOKIE:NO] - ⚠️ 未授权
2026-07-10 11:56:08,496 - INFO - [SYSTEM] - [MODE:MATERIAL] - [STRATEGY:NONE] - [COOKIE:NO] - 正在重启软件...
2026-07-10 11:56:09,402 - INFO - [SYSTEM] - [MODE:MATERIAL] - [STRATEGY:NONE] - [COOKIE:NO] - 启动时检查工具和 Cookie 状态...
2026-07-10 11:56:09,403 - INFO - [SYSTEM] - [MODE:MATERIAL] - [STRATEGY:NONE] - [COOKIE:NO] - Deno.js解析引擎已启动就绪
2026-07-10 11:56:09,403 - INFO - [SYSTEM] - [MODE:MATERIAL] - [STRATEGY:NONE] - [COOKIE:NO] - 所有必要工具已就绪
2026-07-10 11:56:09,404 - INFO - [SYSTEM] - [MODE:MATERIAL] - [STRATEGY:NONE] - [COOKIE:NO] - [11:56:09] Cookie health check:
2026-07-10 11:56:09,404 - INFO - [SYSTEM] - [MODE:MATERIAL] - [STRATEGY:NONE] - [COOKIE:NO] -   YouTube: healthy | score=95 | size=1.58 KB | Cookie valid until 2027-05-25 10:59
2026-07-10 11:56:09,404 - INFO - [SYSTEM] - [MODE:MATERIAL] - [STRATEGY:NONE] - [COOKIE:NO] -   Instagram: healthy | score=95 | size=854.00 B | Cookie valid until 2027-06-04 13:58
2026-07-10 11:56:09,404 - INFO - [SYSTEM] - [MODE:MATERIAL] - [STRATEGY:NONE] - [COOKIE:NO] -   TikTok: healthy | score=95 | size=4.23 KB | Cookie valid until 2027-04-30 13:57
2026-07-10 11:56:09,405 - INFO - [SYSTEM] - [MODE:MATERIAL] - [STRATEGY:NONE] - [COOKIE:NO] -   Twitter: healthy | score=95 | size=1.26 KB | Cookie valid until 2027-07-10 11:13
2026-07-10 11:56:11,521 - INFO - [SYSTEM] - [MODE:MATERIAL] - [STRATEGY:NONE] - [COOKIE:NO] - 发现新版本 4.3，下载地址：https://github.com/Vidoon91/vidoon-update/releases/download/latest/Vidoon2026_latest.zip
2026-07-10 11:56:16,721 - INFO - [SYSTEM] - [MODE:MATERIAL] - [STRATEGY:NONE] - [COOKIE:NO] - ⚠️ session_expired
2026-07-10 11:56:34,810 - INFO - [SYSTEM] - [MODE:MATERIAL] - [STRATEGY:NONE] - [COOKIE:NO] - 账号登录成功
2026-07-10 11:59:00,456 - INFO - [SYSTEM] - [MODE:MATERIAL] - [STRATEGY:NONE] - [COOKIE:NO] - 正在重启软件...
2026-07-10 11:59:01,134 - INFO - [SYSTEM] - [MODE:MATERIAL] - [STRATEGY:NONE] - [COOKIE:NO] - 启动时检查工具和 Cookie 状态...
2026-07-10 11:59:01,135 - INFO - [SYSTEM] - [MODE:MATERIAL] - [STRATEGY:NONE] - [COOKIE:NO] - Deno.js解析引擎已启动就绪
2026-07-10 11:59:01,135 - INFO - [SYSTEM] - [MODE:MATERIAL] - [STRATEGY:NONE] - [COOKIE:NO] - 所有必要工具已就绪
2026-07-10 11:59:01,136 - INFO - [SYSTEM] - [MODE:MATERIAL] - [STRATEGY:NONE] - [COOKIE:NO] - [11:59:01] Cookie health check:
2026-07-10 11:59:01,136 - INFO - [SYSTEM] - [MODE:MATERIAL] - [STRATEGY:NONE] - [COOKIE:NO] -   YouTube: healthy | score=95 | size=1.58 KB | Cookie valid until 2027-05-25 10:59
2026-07-10 11:59:01,136 - INFO - [SYSTEM] - [MODE:MATERIAL] - [STRATEGY:NONE] - [COOKIE:NO] -   Instagram: healthy | score=95 | size=854.00 B | Cookie valid until 2027-06-04 13:58
2026-07-10 11:59:01,137 - INFO - [SYSTEM] - [MODE:MATERIAL] - [STRATEGY:NONE] - [COOKIE:NO] -   TikTok: healthy | score=95 | size=4.23 KB | Cookie valid until 2027-04-30 13:57
2026-07-10 11:59:01,137 - INFO - [SYSTEM] - [MODE:MATERIAL] - [STRATEGY:NONE] - [COOKIE:NO] -   Twitter: healthy | score=95 | size=1.26 KB | Cookie valid until 2027-07-10 11:13
2026-07-10 11:59:03,047 - INFO - [SYSTEM] - [MODE:MATERIAL] - [STRATEGY:NONE] - [COOKIE:NO] - 账号验证成功（月订阅，今日剩余 100 次）
2026-07-10 11:59:03,717 - INFO - [SYSTEM] - [MODE:MATERIAL] - [STRATEGY:NONE] - [COOKIE:NO] - 发现新版本 4.3，下载地址：https://github.com/Vidoon91/vidoon-update/releases/download/latest/Vidoon2026_latest.zip
2026-07-10 11:59:05,546 - INFO - [SYSTEM] - [MODE:MATERIAL] - [STRATEGY:NONE] - [COOKIE:NO] - logout_success
2026-07-10 11:59:24,017 - INFO - [SYSTEM] - [MODE:MATERIAL] - [STRATEGY:NONE] - [COOKIE:NO] - 账号登录成功
2026-07-10 12:00:01,308 - INFO - [SYSTEM] - [MODE:MATERIAL] - [STRATEGY:NONE] - [COOKIE:NO] - 已打开下载文件夹: C:/Users/Administrator/Desktop/VideoDown
2026-07-10 12:01:03,519 - INFO - [SYSTEM] - [MODE:MATERIAL] - [STRATEGY:NONE] - [COOKIE:NO] - logout_success
2026-07-10 12:02:07,256 - INFO - [SYSTEM] - [MODE:MATERIAL] - [STRATEGY:NONE] - [COOKIE:NO] - 正在重启软件...
2026-07-10 12:02:07,925 - INFO - [SYSTEM] - [MODE:MATERIAL] - [STRATEGY:NONE] - [COOKIE:NO] - 启动时检查工具和 Cookie 状态...
2026-07-10 12:02:07,926 - INFO - [SYSTEM] - [MODE:MATERIAL] - [STRATEGY:NONE] - [COOKIE:NO] - Deno.js解析引擎已启动就绪
2026-07-10 12:02:07,926 - INFO - [SYSTEM] - [MODE:MATERIAL] - [STRATEGY:NONE] - [COOKIE:NO] - 所有必要工具已就绪
2026-07-10 12:02:07,927 - INFO - [SYSTEM] - [MODE:MATERIAL] - [STRATEGY:NONE] - [COOKIE:NO] - [12:02:07] Cookie health check:
2026-07-10 12:02:07,927 - INFO - [SYSTEM] - [MODE:MATERIAL] - [STRATEGY:NONE] - [COOKIE:NO] -   YouTube: healthy | score=95 | size=1.58 KB | Cookie valid until 2027-05-25 10:59
2026-07-10 12:02:07,927 - INFO - [SYSTEM] - [MODE:MATERIAL] - [STRATEGY:NONE] - [COOKIE:NO] -   Instagram: healthy | score=95 | size=854.00 B | Cookie valid until 2027-06-04 13:58
2026-07-10 12:02:07,928 - INFO - [SYSTEM] - [MODE:MATERIAL] - [STRATEGY:NONE] - [COOKIE:NO] -   TikTok: healthy | score=95 | size=4.23 KB | Cookie valid until 2027-04-30 13:57
2026-07-10 12:02:07,928 - INFO - [SYSTEM] - [MODE:MATERIAL] - [STRATEGY:NONE] - [COOKIE:NO] -   Twitter: healthy | score=95 | size=1.26 KB | Cookie valid until 2027-07-10 11:13
2026-07-10 12:02:09,991 - INFO - [SYSTEM] - [MODE:MATERIAL] - [STRATEGY:NONE] - [COOKIE:NO] - 发现新版本 4.3，下载地址：https://github.com/Vidoon91/vidoon-update/releases/download/latest/Vidoon2026_latest.zip
2026-07-10 12:02:13,012 - INFO - [SYSTEM] - [MODE:MATERIAL] - [STRATEGY:NONE] - [COOKIE:NO] - ⚠️ 未授权
2026-07-10 12:41:09,640 - INFO - [SYSTEM] - [MODE:MATERIAL] - [STRATEGY:NONE] - [COOKIE:NO] - 正在重启软件...
2026-07-10 12:41:10,342 - INFO - [SYSTEM] - [MODE:MATERIAL] - [STRATEGY:NONE] - [COOKIE:NO] - 启动时检查工具和 Cookie 状态...
2026-07-10 12:41:10,343 - INFO - [SYSTEM] - [MODE:MATERIAL] - [STRATEGY:NONE] - [COOKIE:NO] - Deno.js解析引擎已启动就绪
2026-07-10 12:41:10,343 - INFO - [SYSTEM] - [MODE:MATERIAL] - [STRATEGY:NONE] - [COOKIE:NO] - 所有必要工具已就绪
2026-07-10 12:41:10,344 - INFO - [SYSTEM] - [MODE:MATERIAL] - [STRATEGY:NONE] - [COOKIE:NO] - [12:41:10] Cookie health check:
2026-07-10 12:41:10,344 - INFO - [SYSTEM] - [MODE:MATERIAL] - [STRATEGY:NONE] - [COOKIE:NO] -   YouTube: healthy | score=95 | size=1.58 KB | Cookie valid until 2027-05-25 10:59
2026-07-10 12:41:10,344 - INFO - [SYSTEM] - [MODE:MATERIAL] - [STRATEGY:NONE] - [COOKIE:NO] -   Instagram: healthy | score=95 | size=854.00 B | Cookie valid until 2027-06-04 13:58
2026-07-10 12:41:10,344 - INFO - [SYSTEM] - [MODE:MATERIAL] - [STRATEGY:NONE] - [COOKIE:NO] -   TikTok: healthy | score=95 | size=4.23 KB | Cookie valid until 2027-04-30 13:57
2026-07-10 12:41:10,344 - INFO - [SYSTEM] - [MODE:MATERIAL] - [STRATEGY:NONE] - [COOKIE:NO] -   Twitter: healthy | score=95 | size=1.26 KB | Cookie valid until 2027-07-10 11:13
2026-07-10 12:41:12,476 - INFO - [SYSTEM] - [MODE:MATERIAL] - [STRATEGY:NONE] - [COOKIE:NO] - 发现新版本 4.3，下载地址：https://github.com/Vidoon91/vidoon-update/releases/download/latest/Vidoon2026_latest.zip
2026-07-10 12:41:15,473 - INFO - [SYSTEM] - [MODE:MATERIAL] - [STRATEGY:NONE] - [COOKIE:NO] - ⚠️ 未授权
2026-07-10 12:55:10,840 - INFO - [SYSTEM] - [MODE:MATERIAL] - [STRATEGY:NONE] - [COOKIE:NO] - 正在重启软件...
2026-07-10 12:55:11,512 - INFO - [SYSTEM] - [MODE:MATERIAL] - [STRATEGY:NONE] - [COOKIE:NO] - 启动时检查工具和 Cookie 状态...
2026-07-10 12:55:11,512 - INFO - [SYSTEM] - [MODE:MATERIAL] - [STRATEGY:NONE] - [COOKIE:NO] - Deno.js解析引擎已启动就绪
2026-07-10 12:55:11,512 - INFO - [SYSTEM] - [MODE:MATERIAL] - [STRATEGY:NONE] - [COOKIE:NO] - 所有必要工具已就绪
2026-07-10 12:55:11,514 - INFO - [SYSTEM] - [MODE:MATERIAL] - [STRATEGY:NONE] - [COOKIE:NO] - [12:55:11] Cookie health check:
2026-07-10 12:55:11,514 - INFO - [SYSTEM] - [MODE:MATERIAL] - [STRATEGY:NONE] - [COOKIE:NO] -   YouTube: healthy | score=95 | size=1.58 KB | Cookie valid until 2027-05-25 10:59
2026-07-10 12:55:11,514 - INFO - [SYSTEM] - [MODE:MATERIAL] - [STRATEGY:NONE] - [COOKIE:NO] -   Instagram: healthy | score=95 | size=854.00 B | Cookie valid until 2027-06-04 13:58
2026-07-10 12:55:11,514 - INFO - [SYSTEM] - [MODE:MATERIAL] - [STRATEGY:NONE] - [COOKIE:NO] -   TikTok: healthy | score=95 | size=4.23 KB | Cookie valid until 2027-04-30 13:57
2026-07-10 12:55:11,515 - INFO - [SYSTEM] - [MODE:MATERIAL] - [STRATEGY:NONE] - [COOKIE:NO] -   Twitter: healthy | score=95 | size=1.26 KB | Cookie valid until 2027-07-10 11:13
2026-07-10 12:55:13,426 - INFO - [SYSTEM] - [MODE:MATERIAL] - [STRATEGY:NONE] - [COOKIE:NO] - ⚠️ 未授权
2026-07-10 12:55:13,584 - INFO - [SYSTEM] - [MODE:MATERIAL] - [STRATEGY:NONE] - [COOKIE:NO] - 发现新版本 4.3，下载地址：https://github.com/Vidoon91/vidoon-update/releases/download/latest/Vidoon2026_latest.zip
2026-07-10 12:55:40,596 - INFO - [SYSTEM] - [MODE:MATERIAL] - [STRATEGY:NONE] - [COOKIE:NO] - 账号登录成功
2026-07-10 13:53:51,783 - INFO - [SYSTEM] - [MODE:MATERIAL] - [STRATEGY:NONE] - [COOKIE:NO] - 打开官网
2026-07-10 13:55:56,271 - INFO - [SYSTEM] - [MODE:MATERIAL] - [STRATEGY:NONE] - [COOKIE:NO] - 正在重启软件...
2026-07-10 13:55:56,959 - INFO - [SYSTEM] - [MODE:MATERIAL] - [STRATEGY:NONE] - [COOKIE:NO] - 启动时检查工具和 Cookie 状态...
2026-07-10 13:55:56,960 - INFO - [SYSTEM] - [MODE:MATERIAL] - [STRATEGY:NONE] - [COOKIE:NO] - Deno.js解析引擎已启动就绪
2026-07-10 13:55:56,960 - INFO - [SYSTEM] - [MODE:MATERIAL] - [STRATEGY:NONE] - [COOKIE:NO] - 所有必要工具已就绪
2026-07-10 13:55:56,961 - INFO - [SYSTEM] - [MODE:MATERIAL] - [STRATEGY:NONE] - [COOKIE:NO] - [13:55:56] Cookie health check:
2026-07-10 13:55:56,961 - INFO - [SYSTEM] - [MODE:MATERIAL] - [STRATEGY:NONE] - [COOKIE:NO] -   YouTube: healthy | score=95 | size=1.58 KB | Cookie valid until 2027-05-25 10:59
2026-07-10 13:55:56,961 - INFO - [SYSTEM] - [MODE:MATERIAL] - [STRATEGY:NONE] - [COOKIE:NO] -   Instagram: healthy | score=95 | size=854.00 B | Cookie valid until 2027-06-04 13:58
2026-07-10 13:55:56,961 - INFO - [SYSTEM] - [MODE:MATERIAL] - [STRATEGY:NONE] - [COOKIE:NO] -   TikTok: healthy | score=95 | size=4.23 KB | Cookie valid until 2027-04-30 13:57
2026-07-10 13:55:56,962 - INFO - [SYSTEM] - [MODE:MATERIAL] - [STRATEGY:NONE] - [COOKIE:NO] -   Twitter: healthy | score=95 | size=1.26 KB | Cookie valid until 2027-07-10 11:13
2026-07-10 13:55:58,871 - INFO - [SYSTEM] - [MODE:MATERIAL] - [STRATEGY:NONE] - [COOKIE:NO] - 账号验证成功（月订阅，今日剩余 100 次）
2026-07-10 13:55:59,341 - INFO - [SYSTEM] - [MODE:MATERIAL] - [STRATEGY:NONE] - [COOKIE:NO] - 发现新版本 4.3，下载地址：https://github.com/Vidoon91/vidoon-update/releases/download/latest/Vidoon2026_latest.zip
2026-07-10 13:58:38,559 - INFO - [SYSTEM] - [MODE:MATERIAL] - [STRATEGY:NONE] - [COOKIE:NO] - 正在重启软件...
2026-07-10 13:58:39,245 - INFO - [SYSTEM] - [MODE:MATERIAL] - [STRATEGY:NONE] - [COOKIE:NO] - 启动时检查工具和 Cookie 状态...
2026-07-10 13:58:39,245 - INFO - [SYSTEM] - [MODE:MATERIAL] - [STRATEGY:NONE] - [COOKIE:NO] - Deno.js解析引擎已启动就绪
2026-07-10 13:58:39,246 - INFO - [SYSTEM] - [MODE:MATERIAL] - [STRATEGY:NONE] - [COOKIE:NO] - 所有必要工具已就绪
2026-07-10 13:58:39,247 - INFO - [SYSTEM] - [MODE:MATERIAL] - [STRATEGY:NONE] - [COOKIE:NO] - [13:58:39] Cookie health check:
2026-07-10 13:58:39,247 - INFO - [SYSTEM] - [MODE:MATERIAL] - [STRATEGY:NONE] - [COOKIE:NO] -   YouTube: healthy | score=95 | size=1.58 KB | Cookie valid until 2027-05-25 10:59
2026-07-10 13:58:39,247 - INFO - [SYSTEM] - [MODE:MATERIAL] - [STRATEGY:NONE] - [COOKIE:NO] -   Instagram: healthy | score=95 | size=854.00 B | Cookie valid until 2027-06-04 13:58
2026-07-10 13:58:39,247 - INFO - [SYSTEM] - [MODE:MATERIAL] - [STRATEGY:NONE] - [COOKIE:NO] -   TikTok: healthy | score=95 | size=4.23 KB | Cookie valid until 2027-04-30 13:57
2026-07-10 13:58:39,247 - INFO - [SYSTEM] - [MODE:MATERIAL] - [STRATEGY:NONE] - [COOKIE:NO] -   Twitter: healthy | score=95 | size=1.26 KB | Cookie valid until 2027-07-10 11:13
2026-07-10 13:58:41,156 - INFO - [SYSTEM] - [MODE:MATERIAL] - [STRATEGY:NONE] - [COOKIE:NO] - 账号验证成功（月订阅，今日剩余 100 次）
2026-07-10 13:58:41,406 - INFO - [SYSTEM] - [MODE:MATERIAL] - [STRATEGY:NONE] - [COOKIE:NO] - 发现新版本 4.3，下载地址：https://github.com/Vidoon91/vidoon-update/releases/download/latest/Vidoon2026_latest.zip
2026-07-10 14:02:59,142 - INFO - [SYSTEM] - [MODE:MATERIAL] - [STRATEGY:NONE] - [COOKIE:NO] - 正在重启软件...
2026-07-10 14:02:59,820 - INFO - [SYSTEM] - [MODE:MATERIAL] - [STRATEGY:NONE] - [COOKIE:NO] - 启动时检查工具和 Cookie 状态...
2026-07-10 14:02:59,821 - INFO - [SYSTEM] - [MODE:MATERIAL] - [STRATEGY:NONE] - [COOKIE:NO] - Deno.js解析引擎已启动就绪
2026-07-10 14:02:59,821 - INFO - [SYSTEM] - [MODE:MATERIAL] - [STRATEGY:NONE] - [COOKIE:NO] - 所有必要工具已就绪
2026-07-10 14:02:59,822 - INFO - [SYSTEM] - [MODE:MATERIAL] - [STRATEGY:NONE] - [COOKIE:NO] - [14:02:59] Cookie health check:
2026-07-10 14:02:59,822 - INFO - [SYSTEM] - [MODE:MATERIAL] - [STRATEGY:NONE] - [COOKIE:NO] -   YouTube: healthy | score=95 | size=1.58 KB | Cookie valid until 2027-05-25 10:59
2026-07-10 14:02:59,822 - INFO - [SYSTEM] - [MODE:MATERIAL] - [STRATEGY:NONE] - [COOKIE:NO] -   Instagram: healthy | score=95 | size=854.00 B | Cookie valid until 2027-06-04 13:58
2026-07-10 14:02:59,822 - INFO - [SYSTEM] - [MODE:MATERIAL] - [STRATEGY:NONE] - [COOKIE:NO] -   TikTok: healthy | score=95 | size=4.23 KB | Cookie valid until 2027-04-30 13:57
2026-07-10 14:02:59,822 - INFO - [SYSTEM] - [MODE:MATERIAL] - [STRATEGY:NONE] - [COOKIE:NO] -   Twitter: healthy | score=95 | size=1.26 KB | Cookie valid until 2027-07-10 11:13
2026-07-10 14:03:01,702 - INFO - [SYSTEM] - [MODE:MATERIAL] - [STRATEGY:NONE] - [COOKIE:NO] - 账号验证成功（月订阅，今日剩余 100 次）
2026-07-10 14:03:01,962 - INFO - [SYSTEM] - [MODE:MATERIAL] - [STRATEGY:NONE] - [COOKIE:NO] - 发现新版本 4.3，下载地址：https://github.com/Vidoon91/vidoon-update/releases/download/latest/Vidoon2026_latest.zip
2026-07-10 14:05:39,894 - INFO - [SYSTEM] - [MODE:MATERIAL] - [STRATEGY:NONE] - [COOKIE:NO] - 正在重启软件...
2026-07-10 14:05:40,569 - INFO - [SYSTEM] - [MODE:MATERIAL] - [STRATEGY:NONE] - [COOKIE:NO] - 启动时检查工具和 Cookie 状态...
2026-07-10 14:05:40,569 - INFO - [SYSTEM] - [MODE:MATERIAL] - [STRATEGY:NONE] - [COOKIE:NO] - Deno.js解析引擎已启动就绪
2026-07-10 14:05:40,570 - INFO - [SYSTEM] - [MODE:MATERIAL] - [STRATEGY:NONE] - [COOKIE:NO] - 所有必要工具已就绪
2026-07-10 14:05:40,571 - INFO - [SYSTEM] - [MODE:MATERIAL] - [STRATEGY:NONE] - [COOKIE:NO] - [14:05:40] Cookie health check:
2026-07-10 14:05:40,571 - INFO - [SYSTEM] - [MODE:MATERIAL] - [STRATEGY:NONE] - [COOKIE:NO] -   YouTube: healthy | score=95 | size=1.58 KB | Cookie valid until 2027-05-25 10:59
2026-07-10 14:05:40,571 - INFO - [SYSTEM] - [MODE:MATERIAL] - [STRATEGY:NONE] - [COOKIE:NO] -   Instagram: healthy | score=95 | size=854.00 B | Cookie valid until 2027-06-04 13:58
2026-07-10 14:05:40,571 - INFO - [SYSTEM] - [MODE:MATERIAL] - [STRATEGY:NONE] - [COOKIE:NO] -   TikTok: healthy | score=95 | size=4.23 KB | Cookie valid until 2027-04-30 13:57
2026-07-10 14:05:40,571 - INFO - [SYSTEM] - [MODE:MATERIAL] - [STRATEGY:NONE] - [COOKIE:NO] -   Twitter: healthy | score=95 | size=1.26 KB | Cookie valid until 2027-07-10 11:13
2026-07-10 14:05:42,459 - INFO - [SYSTEM] - [MODE:MATERIAL] - [STRATEGY:NONE] - [COOKIE:NO] - 账号验证成功（月订阅，今日剩余 100 次）
2026-07-10 14:05:42,741 - INFO - [SYSTEM] - [MODE:MATERIAL] - [STRATEGY:NONE] - [COOKIE:NO] - 发现新版本 4.3，下载地址：https://github.com/Vidoon91/vidoon-update/releases/download/latest/Vidoon2026_latest.zip
2026-07-10 14:07:31,367 - INFO - [SYSTEM] - [MODE:MATERIAL] - [STRATEGY:NONE] - [COOKIE:NO] - 正在重启软件...
2026-07-10 14:07:32,053 - INFO - [SYSTEM] - [MODE:MATERIAL] - [STRATEGY:NONE] - [COOKIE:NO] - 启动时检查工具和 Cookie 状态...
2026-07-10 14:07:32,054 - INFO - [SYSTEM] - [MODE:MATERIAL] - [STRATEGY:NONE] - [COOKIE:NO] - Deno.js解析引擎已启动就绪
2026-07-10 14:07:32,054 - INFO - [SYSTEM] - [MODE:MATERIAL] - [STRATEGY:NONE] - [COOKIE:NO] - 所有必要工具已就绪
2026-07-10 14:07:32,055 - INFO - [SYSTEM] - [MODE:MATERIAL] - [STRATEGY:NONE] - [COOKIE:NO] - [14:07:32] Cookie health check:
2026-07-10 14:07:32,055 - INFO - [SYSTEM] - [MODE:MATERIAL] - [STRATEGY:NONE] - [COOKIE:NO] -   YouTube: healthy | score=95 | size=1.58 KB | Cookie valid until 2027-05-25 10:59
2026-07-10 14:07:32,055 - INFO - [SYSTEM] - [MODE:MATERIAL] - [STRATEGY:NONE] - [COOKIE:NO] -   Instagram: healthy | score=95 | size=854.00 B | Cookie valid until 2027-06-04 13:58
2026-07-10 14:07:32,055 - INFO - [SYSTEM] - [MODE:MATERIAL] - [STRATEGY:NONE] - [COOKIE:NO] -   TikTok: healthy | score=95 | size=4.23 KB | Cookie valid until 2027-04-30 13:57
2026-07-10 14:07:32,056 - INFO - [SYSTEM] - [MODE:MATERIAL] - [STRATEGY:NONE] - [COOKIE:NO] -   Twitter: healthy | score=95 | size=1.26 KB | Cookie valid until 2027-07-10 11:13
2026-07-10 14:07:33,962 - INFO - [SYSTEM] - [MODE:MATERIAL] - [STRATEGY:NONE] - [COOKIE:NO] - 账号验证成功（月订阅，今日剩余 100 次）
2026-07-10 14:07:34,366 - INFO - [SYSTEM] - [MODE:MATERIAL] - [STRATEGY:NONE] - [COOKIE:NO] - 发现新版本 4.3，下载地址：https://github.com/Vidoon91/vidoon-update/releases/download/latest/Vidoon2026_latest.zip
2026-07-10 14:19:39,559 - INFO - [SYSTEM] - [MODE:MATERIAL] - [STRATEGY:NONE] - [COOKIE:NO] - 已从剪贴板粘贴内容。
2026-07-10 14:19:41,213 - INFO - [SYSTEM] - [MODE:MATERIAL] - [STRATEGY:NONE] - [COOKIE:NO] - 账号模式下载校验：主下载页面批量下载，准备登记 1 个下载任务
2026-07-10 14:19:42,954 - INFO - [SYSTEM] - [MODE:MATERIAL] - [STRATEGY:NONE] - [COOKIE:NO] - 账号模式下载校验结果：status=expired, msg=subscription_expired
2026-07-10 14:20:15,920 - INFO - [SYSTEM] - [MODE:MATERIAL] - [STRATEGY:NONE] - [COOKIE:NO] - 正在重启软件...
2026-07-10 14:20:16,625 - INFO - [SYSTEM] - [MODE:MATERIAL] - [STRATEGY:NONE] - [COOKIE:NO] - 启动时检查工具和 Cookie 状态...
2026-07-10 14:20:16,626 - INFO - [SYSTEM] - [MODE:MATERIAL] - [STRATEGY:NONE] - [COOKIE:NO] - Deno.js解析引擎已启动就绪
2026-07-10 14:20:16,626 - INFO - [SYSTEM] - [MODE:MATERIAL] - [STRATEGY:NONE] - [COOKIE:NO] - 所有必要工具已就绪
2026-07-10 14:20:16,627 - INFO - [SYSTEM] - [MODE:MATERIAL] - [STRATEGY:NONE] - [COOKIE:NO] - [14:20:16] Cookie health check:
2026-07-10 14:20:16,628 - INFO - [SYSTEM] - [MODE:MATERIAL] - [STRATEGY:NONE] - [COOKIE:NO] -   YouTube: healthy | score=95 | size=1.58 KB | Cookie valid until 2027-05-25 10:59
2026-07-10 14:20:16,628 - INFO - [SYSTEM] - [MODE:MATERIAL] - [STRATEGY:NONE] - [COOKIE:NO] -   Instagram: healthy | score=95 | size=854.00 B | Cookie valid until 2027-06-04 13:58
2026-07-10 14:20:16,628 - INFO - [SYSTEM] - [MODE:MATERIAL] - [STRATEGY:NONE] - [COOKIE:NO] -   TikTok: healthy | score=95 | size=4.23 KB | Cookie valid until 2027-04-30 13:57
2026-07-10 14:20:16,628 - INFO - [SYSTEM] - [MODE:MATERIAL] - [STRATEGY:NONE] - [COOKIE:NO] -   Twitter: healthy | score=95 | size=1.26 KB | Cookie valid until 2027-07-10 11:13
2026-07-10 14:20:18,482 - INFO - [SYSTEM] - [MODE:MATERIAL] - [STRATEGY:NONE] - [COOKIE:NO] - 账号验证成功（月订阅，今日剩余 100 次）
2026-07-10 14:20:18,904 - INFO - [SYSTEM] - [MODE:MATERIAL] - [STRATEGY:NONE] - [COOKIE:NO] - 发现新版本 4.3，下载地址：https://github.com/Vidoon91/vidoon-update/releases/download/latest/Vidoon2026_latest.zip
2026-07-10 14:20:20,366 - INFO - [SYSTEM] - [MODE:MATERIAL] - [STRATEGY:NONE] - [COOKIE:NO] - 已从剪贴板粘贴内容。
2026-07-10 14:20:21,494 - INFO - [SYSTEM] - [MODE:MATERIAL] - [STRATEGY:NONE] - [COOKIE:NO] - 账号模式下载校验：主下载页面批量下载，准备登记 1 个下载任务
2026-07-10 14:20:23,239 - INFO - [SYSTEM] - [MODE:MATERIAL] - [STRATEGY:NONE] - [COOKIE:NO] - 账号模式下载校验结果：status=expired, msg=subscription_expired
2026-07-10 14:22:05,737 - INFO - [SYSTEM] - [MODE:MATERIAL] - [STRATEGY:NONE] - [COOKIE:NO] - 启动时检查工具和 Cookie 状态...
2026-07-10 14:22:05,738 - INFO - [SYSTEM] - [MODE:MATERIAL] - [STRATEGY:NONE] - [COOKIE:NO] - Deno.js解析引擎已启动就绪
2026-07-10 14:22:05,738 - INFO - [SYSTEM] - [MODE:MATERIAL] - [STRATEGY:NONE] - [COOKIE:NO] - 所有必要工具已就绪
2026-07-10 14:22:05,739 - INFO - [SYSTEM] - [MODE:MATERIAL] - [STRATEGY:NONE] - [COOKIE:NO] - [14:22:05] Cookie health check:
2026-07-10 14:22:05,740 - INFO - [SYSTEM] - [MODE:MATERIAL] - [STRATEGY:NONE] - [COOKIE:NO] -   YouTube: healthy | score=95 | size=1.58 KB | Cookie valid until 2027-05-25 10:59
2026-07-10 14:22:05,740 - INFO - [SYSTEM] - [MODE:MATERIAL] - [STRATEGY:NONE] - [COOKIE:NO] -   Instagram: healthy | score=95 | size=854.00 B | Cookie valid until 2027-06-04 13:58
2026-07-10 14:22:05,740 - INFO - [SYSTEM] - [MODE:MATERIAL] - [STRATEGY:NONE] - [COOKIE:NO] -   TikTok: healthy | score=95 | size=4.23 KB | Cookie valid until 2027-04-30 13:57
2026-07-10 14:22:05,740 - INFO - [SYSTEM] - [MODE:MATERIAL] - [STRATEGY:NONE] - [COOKIE:NO] -   Twitter: healthy | score=95 | size=1.26 KB | Cookie valid until 2027-07-10 11:13
2026-07-10 14:22:07,604 - INFO - [SYSTEM] - [MODE:MATERIAL] - [STRATEGY:NONE] - [COOKIE:NO] - 账号验证成功（月订阅，今日剩余 100 次）
2026-07-10 14:22:07,632 - INFO - [SYSTEM] - [MODE:MATERIAL] - [STRATEGY:NONE] - [COOKIE:NO] - 发现新版本 4.3，下载地址：https://github.com/Vidoon91/vidoon-update/releases/download/latest/Vidoon2026_latest.zip
2026-07-10 14:22:21,989 - INFO - [SYSTEM] - [MODE:MATERIAL] - [STRATEGY:NONE] - [COOKIE:NO] - 删除文件失败 D:\VScode Object\yanzheng\logs\app_20260710.log: [WinError 32] 另一个程序正在使用此文件，进程无法访问。: 'D:\\VScode Object\\yanzheng\\logs\\app_20260710.log'
2026-07-10 14:23:37,826 - INFO - [SYSTEM] - [MODE:MATERIAL] - [STRATEGY:NONE] - [COOKIE:NO] - 正在重启软件...
2026-07-10 14:23:38,705 - INFO - [SYSTEM] - [MODE:MATERIAL] - [STRATEGY:NONE] - [COOKIE:NO] - 启动时检查工具和 Cookie 状态...
2026-07-10 14:23:38,706 - INFO - [SYSTEM] - [MODE:MATERIAL] - [STRATEGY:NONE] - [COOKIE:NO] - Deno.js解析引擎已启动就绪
2026-07-10 14:23:38,707 - INFO - [SYSTEM] - [MODE:MATERIAL] - [STRATEGY:NONE] - [COOKIE:NO] - 所有必要工具已就绪
2026-07-10 14:23:38,708 - INFO - [SYSTEM] - [MODE:MATERIAL] - [STRATEGY:NONE] - [COOKIE:NO] - [14:23:38] Cookie health check:
2026-07-10 14:23:38,709 - INFO - [SYSTEM] - [MODE:MATERIAL] - [STRATEGY:NONE] - [COOKIE:NO] -   YouTube: healthy | score=95 | size=1.58 KB | Cookie valid until 2027-05-25 10:59
2026-07-10 14:23:38,709 - INFO - [SYSTEM] - [MODE:MATERIAL] - [STRATEGY:NONE] - [COOKIE:NO] -   Instagram: healthy | score=95 | size=854.00 B | Cookie valid until 2027-06-04 13:58
2026-07-10 14:23:38,709 - INFO - [SYSTEM] - [MODE:MATERIAL] - [STRATEGY:NONE] - [COOKIE:NO] -   TikTok: healthy | score=95 | size=4.23 KB | Cookie valid until 2027-04-30 13:57
2026-07-10 14:23:38,709 - INFO - [SYSTEM] - [MODE:MATERIAL] - [STRATEGY:NONE] - [COOKIE:NO] -   Twitter: healthy | score=95 | size=1.26 KB | Cookie valid until 2027-07-10 11:13
2026-07-10 14:23:40,524 - INFO - [SYSTEM] - [MODE:MATERIAL] - [STRATEGY:NONE] - [COOKIE:NO] - 发现新版本 4.3，下载地址：https://github.com/Vidoon91/vidoon-update/releases/download/latest/Vidoon2026_latest.zip
2026-07-10 14:23:40,602 - INFO - [SYSTEM] - [MODE:MATERIAL] - [STRATEGY:NONE] - [COOKIE:NO] - 账号验证成功（月订阅，今日剩余 100 次）
2026-07-10 14:23:54,200 - INFO - [SYSTEM] - [MODE:MATERIAL] - [STRATEGY:NONE] - [COOKIE:NO] - logout_success
2026-07-10 14:24:16,448 - INFO - [SYSTEM] - [MODE:MATERIAL] - [STRATEGY:NONE] - [COOKIE:NO] - 账号登录成功
2026-07-10 14:24:25,174 - INFO - [SYSTEM] - [MODE:MATERIAL] - [STRATEGY:NONE] - [COOKIE:NO] - 已从剪贴板粘贴内容。
2026-07-10 14:24:26,381 - INFO - [SYSTEM] - [MODE:MATERIAL] - [STRATEGY:NONE] - [COOKIE:NO] - 账号模式下载校验：主下载页面批量下载，准备登记 1 个下载任务
2026-07-10 14:24:28,138 - INFO - [SYSTEM] - [MODE:MATERIAL] - [STRATEGY:NONE] - [COOKIE:NO] - 账号模式下载校验结果：status=ok, msg=subscription_ok
2026-07-10 14:24:28,139 - INFO - [SYSTEM] - [MODE:MATERIAL] - [STRATEGY:NONE] - [COOKIE:NO] - 开始视频下载 1 个任务
2026-07-10 14:24:28,140 - INFO - [SYSTEM] - [MODE:MATERIAL] - [STRATEGY:NONE] - [COOKIE:NO] - 下载路径: C:/Users/Administrator/Desktop/VideoDown
2026-07-10 14:24:28,140 - INFO - [SYSTEM] - [MODE:MATERIAL] - [STRATEGY:NONE] - [COOKIE:NO] - 画质: 最佳画质
2026-07-10 14:24:28,142 - INFO - [SYSTEM] - [MODE:MATERIAL] - [STRATEGY:NONE] - [COOKIE:NO] - 下载调度: TikTok:1
2026-07-10 14:24:28,151 - INFO - [TikTok] - [MODE:MATERIAL] - [STRATEGY:START] - [COOKIE:NO] - DOWNLOAD_START | MODE:MATERIAL | URL:https://www.tiktok.com/@astrospaceq/video/7637882838397832449?is_from_webapp=1&sender_device=pc&web_id=7582869025874920978 | MODIFIED:True | REASON:removed tracking params
2026-07-10 14:24:28,151 - INFO - [SYSTEM] - [MODE:MATERIAL] - [STRATEGY:NONE] - [COOKIE:NO] - [14:24:28] 📋 平台: TikTok
2026-07-10 14:24:28,153 - INFO - [SYSTEM] - [MODE:MATERIAL] - [STRATEGY:NONE] - [COOKIE:NO] - [14:24:28] 策略1：TikTok专属无 Cookie 下载...
2026-07-10 14:24:28,153 - INFO - [SYSTEM] - [MODE:MATERIAL] - [STRATEGY:NONE] - [COOKIE:NO] - [14:24:28][策略1][TikTok] 开始执行 yt-dlp
2026-07-10 14:24:35,465 - INFO - [SYSTEM] - [MODE:MATERIAL] - [STRATEGY:NONE] - [COOKIE:NO] - [14:24:35][策略1][TikTok] 仍在解析或下载中，等待平台响应...
2026-07-10 14:24:41,276 - INFO - [SYSTEM] - [MODE:MATERIAL] - [STRATEGY:NONE] - [COOKIE:NO] - [14:24:41][策略1][TikTok] [yt-dlp stderr]
WARNING: Your yt-dlp version (2026.03.17) is older than 90 days!
To suppress this warning, add --no-update to your command/config.
ERROR: [TikTok] 7637882838397832449: Unable to download webpage: Failed to perform, curl: (35) TLS connect error: error:00000000:invalid library (0):OPENSSL_internal:invalid library (0). See https://curl.se/libcurl/c/libcurl-errors.html first for more details. (caused by SSLError('Failed to perform, curl: (35) TLS connect error: error:00000000:invalid library (0):OPENSSL_internal:invalid library (0). See https://curl.se/libcurl/c/libcurl-errors.html first for more details.')); please report this issue on  https://github.com/yt-dlp/yt-dlp/issues?q= , filling out the appropriate issue template. Confirm you are on the latest version using  yt-dlp -U
2026-07-10 14:24:41,276 - INFO - [SYSTEM] - [MODE:MATERIAL] - [STRATEGY:NONE] - [COOKIE:NO] - [14:24:41][策略1][TikTok] 策略失败：UNKNOWN，耗时 13.1s
2026-07-10 14:24:41,279 - INFO - [SYSTEM] - [MODE:MATERIAL] - [STRATEGY:NONE] - [COOKIE:NO] - [14:24:41] 第 1 次下载失败：下载失败，原因暂时无法明确识别。，3.8 秒后开始第 2/3 次重试
2026-07-10 14:24:45,097 - INFO - [SYSTEM] - [MODE:MATERIAL] - [STRATEGY:NONE] - [COOKIE:NO] - [14:24:45] 📋 平台: TikTok
2026-07-10 14:24:45,097 - INFO - [SYSTEM] - [MODE:MATERIAL] - [STRATEGY:NONE] - [COOKIE:NO] - [14:24:45] 策略1：TikTok专属无 Cookie 下载...
2026-07-10 14:24:45,098 - INFO - [SYSTEM] - [MODE:MATERIAL] - [STRATEGY:NONE] - [COOKIE:NO] - [14:24:45][策略1][TikTok] 开始执行 yt-dlp
2026-07-10 14:24:51,719 - INFO - [SYSTEM] - [MODE:MATERIAL] - [STRATEGY:NONE] - [COOKIE:NO] - [14:24:51][策略1][TikTok] [yt-dlp stderr]
WARNING: Your yt-dlp version (2026.03.17) is older than 90 days!
To suppress this warning, add --no-update to your command/config.
ERROR: [TikTok] 7637882838397832449: Unable to download webpage: Failed to perform, curl: (35) TLS connect error: error:00000000:invalid library (0):OPENSSL_internal:invalid library (0). See https://curl.se/libcurl/c/libcurl-errors.html first for more details. (caused by SSLError('Failed to perform, curl: (35) TLS connect error: error:00000000:invalid library (0):OPENSSL_internal:invalid library (0). See https://curl.se/libcurl/c/libcurl-errors.html first for more details.')); please report this issue on  https://github.com/yt-dlp/yt-dlp/issues?q= , filling out the appropriate issue template. Confirm you are on the latest version using  yt-dlp -U
2026-07-10 14:24:51,719 - INFO - [SYSTEM] - [MODE:MATERIAL] - [STRATEGY:NONE] - [COOKIE:NO] - [14:24:51][策略1][TikTok] 策略失败：UNKNOWN，耗时 6.6s
2026-07-10 14:24:51,720 - INFO - [SYSTEM] - [MODE:MATERIAL] - [STRATEGY:NONE] - [COOKIE:NO] - [14:24:51] 第 2 次下载失败：下载失败，原因暂时无法明确识别。，3.2 秒后开始第 3/3 次重试
2026-07-10 14:24:54,948 - INFO - [SYSTEM] - [MODE:MATERIAL] - [STRATEGY:NONE] - [COOKIE:NO] - [14:24:54] 📋 平台: TikTok
2026-07-10 14:24:54,948 - INFO - [SYSTEM] - [MODE:MATERIAL] - [STRATEGY:NONE] - [COOKIE:NO] - [14:24:54] 策略1：TikTok专属无 Cookie 下载...
2026-07-10 14:24:54,949 - INFO - [SYSTEM] - [MODE:MATERIAL] - [STRATEGY:NONE] - [COOKIE:NO] - [14:24:54][策略1][TikTok] 开始执行 yt-dlp
2026-07-10 14:25:01,371 - INFO - [SYSTEM] - [MODE:MATERIAL] - [STRATEGY:NONE] - [COOKIE:NO] - [14:25:01][策略1][TikTok] [yt-dlp stderr]
WARNING: Your yt-dlp version (2026.03.17) is older than 90 days!
To suppress this warning, add --no-update to your command/config.
ERROR: [TikTok] 7637882838397832449: Unable to download webpage: Failed to perform, curl: (35) TLS connect error: error:00000000:invalid library (0):OPENSSL_internal:invalid library (0). See https://curl.se/libcurl/c/libcurl-errors.html first for more details. (caused by SSLError('Failed to perform, curl: (35) TLS connect error: error:00000000:invalid library (0):OPENSSL_internal:invalid library (0). See https://curl.se/libcurl/c/libcurl-errors.html first for more details.')); please report this issue on  https://github.com/yt-dlp/yt-dlp/issues?q= , filling out the appropriate issue template. Confirm you are on the latest version using  yt-dlp -U
2026-07-10 14:25:01,371 - INFO - [SYSTEM] - [MODE:MATERIAL] - [STRATEGY:NONE] - [COOKIE:NO] - [14:25:01][策略1][TikTok] 策略失败：UNKNOWN，耗时 6.4s
2026-07-10 14:25:01,371 - WARNING - [TikTok] - [MODE:MATERIAL] - [STRATEGY:PlatformNoCookie] - [COOKIE:NO] - DOWNLOAD_FAILED | MODE:MATERIAL | STRATEGY:PlatformNoCookie | ERROR:UNKNOWN
2026-07-10 14:25:01,373 - INFO - [SYSTEM] - [MODE:MATERIAL] - [STRATEGY:NONE] - [COOKIE:NO] - [14:24:28] 下载失败
2026-07-10 14:25:01,373 - INFO - [SYSTEM] - [MODE:MATERIAL] - [STRATEGY:NONE] - [COOKIE:NO] - [14:24:28] 本次失败发生在：平台专属无 Cookie 下载
2026-07-10 14:25:01,373 - INFO - [SYSTEM] - [MODE:MATERIAL] - [STRATEGY:NONE] - [COOKIE:NO] - [14:24:28] 失败原因：下载失败，原因暂时无法明确识别。
2026-07-10 14:25:01,373 - INFO - [SYSTEM] - [MODE:MATERIAL] - [STRATEGY:NONE] - [COOKIE:NO] - 
WARNING: Your yt-dlp version (2026.03.17) is older than 90 days!
It is strongly recommended to always use the latest version.
Run "yt-dlp --update" or "yt-dlp -U" to update.
To suppress this warning, add --no-update to your command/config.
ERROR: [TikTok] 7637882838397832449: Unable to download webpage: Failed to perform, curl: (35) TLS connect error: error:00000000:invalid library (0):OPENSSL_in
2026-07-10 14:32:03,015 - INFO - [SYSTEM] - [MODE:MATERIAL] - [STRATEGY:NONE] - [COOKIE:NO] - 正在重启软件...
2026-07-10 14:32:03,704 - INFO - [SYSTEM] - [MODE:MATERIAL] - [STRATEGY:NONE] - [COOKIE:NO] - 启动时检查工具和 Cookie 状态...
2026-07-10 14:32:03,705 - INFO - [SYSTEM] - [MODE:MATERIAL] - [STRATEGY:NONE] - [COOKIE:NO] - Deno.js解析引擎已启动就绪
2026-07-10 14:32:03,705 - INFO - [SYSTEM] - [MODE:MATERIAL] - [STRATEGY:NONE] - [COOKIE:NO] - 所有必要工具已就绪
2026-07-10 14:32:03,706 - INFO - [SYSTEM] - [MODE:MATERIAL] - [STRATEGY:NONE] - [COOKIE:NO] - [14:32:03] Cookie health check:
2026-07-10 14:32:03,706 - INFO - [SYSTEM] - [MODE:MATERIAL] - [STRATEGY:NONE] - [COOKIE:NO] -   YouTube: healthy | score=95 | size=1.58 KB | Cookie valid until 2027-05-25 10:59
2026-07-10 14:32:03,706 - INFO - [SYSTEM] - [MODE:MATERIAL] - [STRATEGY:NONE] - [COOKIE:NO] -   Instagram: healthy | score=95 | size=854.00 B | Cookie valid until 2027-06-04 13:58
2026-07-10 14:32:03,706 - INFO - [SYSTEM] - [MODE:MATERIAL] - [STRATEGY:NONE] - [COOKIE:NO] -   TikTok: healthy | score=95 | size=4.23 KB | Cookie valid until 2027-04-30 13:57
2026-07-10 14:32:03,706 - INFO - [SYSTEM] - [MODE:MATERIAL] - [STRATEGY:NONE] - [COOKIE:NO] -   Twitter: healthy | score=95 | size=1.26 KB | Cookie valid until 2027-07-10 11:13
2026-07-10 14:32:05,619 - INFO - [SYSTEM] - [MODE:MATERIAL] - [STRATEGY:NONE] - [COOKIE:NO] - 账号验证成功（半年订阅）
2026-07-10 14:32:23,006 - INFO - [SYSTEM] - [MODE:MATERIAL] - [STRATEGY:NONE] - [COOKIE:NO] - 已从剪贴板粘贴内容。
2026-07-10 14:33:32,745 - INFO - [SYSTEM] - [MODE:MATERIAL] - [STRATEGY:NONE] - [COOKIE:NO] - 设置已保存
2026-07-10 14:34:14,253 - INFO - [SYSTEM] - [MODE:MATERIAL] - [STRATEGY:NONE] - [COOKIE:NO] - 剪贴板为空。
2026-07-10 14:34:17,693 - INFO - [SYSTEM] - [MODE:MATERIAL] - [STRATEGY:NONE] - [COOKIE:NO] - 账号模式下载校验：主下载页面批量下载，准备登记 1 个下载任务
2026-07-10 14:34:19,453 - INFO - [SYSTEM] - [MODE:MATERIAL] - [STRATEGY:NONE] - [COOKIE:NO] - 账号模式下载校验结果：status=ok, msg=subscription_ok
2026-07-10 14:34:19,454 - INFO - [SYSTEM] - [MODE:MATERIAL] - [STRATEGY:NONE] - [COOKIE:NO] - 开始视频下载 1 个任务
2026-07-10 14:34:19,454 - INFO - [SYSTEM] - [MODE:MATERIAL] - [STRATEGY:NONE] - [COOKIE:NO] - 下载路径: C:/Users/Administrator/Desktop/VideoDown
2026-07-10 14:34:19,455 - INFO - [SYSTEM] - [MODE:MATERIAL] - [STRATEGY:NONE] - [COOKIE:NO] - 画质: 最佳画质
2026-07-10 14:34:19,455 - INFO - [SYSTEM] - [MODE:MATERIAL] - [STRATEGY:NONE] - [COOKIE:NO] - 下载调度: TikTok:1
2026-07-10 14:34:19,457 - INFO - [TikTok] - [MODE:MATERIAL] - [STRATEGY:START] - [COOKIE:NO] - DOWNLOAD_START | MODE:MATERIAL | URL:https://www.tiktok.com/@astrospaceq/video/7637882838397832449?is_from_webapp=1&sender_device=pc&web_id=7582869025874920978 | MODIFIED:True | REASON:removed tracking params
2026-07-10 14:34:19,457 - INFO - [SYSTEM] - [MODE:MATERIAL] - [STRATEGY:NONE] - [COOKIE:NO] - [14:34:19] 📋 平台: TikTok
2026-07-10 14:34:19,457 - INFO - [SYSTEM] - [MODE:MATERIAL] - [STRATEGY:NONE] - [COOKIE:NO] - [14:34:19] 策略1：TikTok专属无 Cookie 下载...
2026-07-10 14:34:19,459 - INFO - [SYSTEM] - [MODE:MATERIAL] - [STRATEGY:NONE] - [COOKIE:NO] - [14:34:19][策略1][TikTok] 开始执行 yt-dlp
2026-07-10 14:34:24,563 - INFO - [SYSTEM] - [MODE:MATERIAL] - [STRATEGY:NONE] - [COOKIE:NO] - [14:34:24][策略1][TikTok] 下载进度：0.0% | 0.0MiB/5.93MiB | 速度 Unknown | 剩余 Unknown
2026-07-10 14:34:24,585 - INFO - [SYSTEM] - [MODE:MATERIAL] - [STRATEGY:NONE] - [COOKIE:NO] - [14:34:24][策略1][TikTok] 下载进度：2.1% | 0.1MiB/5.93MiB | 速度 5.42MiB/s | 剩余 00:01
2026-07-10 14:34:24,597 - INFO - [SYSTEM] - [MODE:MATERIAL] - [STRATEGY:NONE] - [COOKIE:NO] - [14:34:24][策略1][TikTok] 下载进度：4.2% | 0.2MiB/5.93MiB | 速度 7.09MiB/s | 剩余 00:00
2026-07-10 14:34:24,637 - INFO - [SYSTEM] - [MODE:MATERIAL] - [STRATEGY:NONE] - [COOKIE:NO] - [14:34:24][策略1][TikTok] 下载进度：8.4% | 0.5MiB/5.93MiB | 速度 6.66MiB/s | 剩余 00:00
2026-07-10 14:34:25,215 - INFO - [SYSTEM] - [MODE:MATERIAL] - [STRATEGY:NONE] - [COOKIE:NO] - [14:34:25][策略1][TikTok] 下载进度：16.9% | 1.0MiB/5.93MiB | 速度 1.53MiB/s | 剩余 00:03
2026-07-10 14:34:26,589 - INFO - [SYSTEM] - [MODE:MATERIAL] - [STRATEGY:NONE] - [COOKIE:NO] - [14:34:26][策略1][TikTok] 下载进度：31.4% | 1.9MiB/5.93MiB | 速度 941.54KiB/s | 剩余 00:04
2026-07-10 14:34:27,589 - INFO - [SYSTEM] - [MODE:MATERIAL] - [STRATEGY:NONE] - [COOKIE:NO] - [14:34:27][策略1][TikTok] 下载进度：42.1% | 2.5MiB/5.93MiB | 速度 843.20KiB/s | 剩余 00:04
2026-07-10 14:34:28,589 - INFO - [SYSTEM] - [MODE:MATERIAL] - [STRATEGY:NONE] - [COOKIE:NO] - [14:34:28][策略1][TikTok] 下载进度：52.7% | 3.1MiB/5.93MiB | 速度 793.82KiB/s | 剩余 00:03
2026-07-10 14:34:29,619 - INFO - [SYSTEM] - [MODE:MATERIAL] - [STRATEGY:NONE] - [COOKIE:NO] - [14:34:29][策略1][TikTok] 下载进度：63.3% | 3.8MiB/5.93MiB | 速度 759.69KiB/s | 剩余 00:02
2026-07-10 14:34:30,589 - INFO - [SYSTEM] - [MODE:MATERIAL] - [STRATEGY:NONE] - [COOKIE:NO] - [14:34:30][策略1][TikTok] 下载进度：73.6% | 4.4MiB/5.93MiB | 速度 741.20KiB/s | 剩余 00:02
2026-07-10 14:34:31,595 - INFO - [SYSTEM] - [MODE:MATERIAL] - [STRATEGY:NONE] - [COOKIE:NO] - [14:34:31][策略1][TikTok] 下载进度：84.2% | 5.0MiB/5.93MiB | 速度 726.87KiB/s | 剩余 00:01
2026-07-10 14:34:32,590 - INFO - [SYSTEM] - [MODE:MATERIAL] - [STRATEGY:NONE] - [COOKIE:NO] - [14:34:32][策略1][TikTok] 下载进度：94.8% | 5.6MiB/5.93MiB | 速度 716.70KiB/s | 剩余 00:00
2026-07-10 14:34:33,061 - INFO - [SYSTEM] - [MODE:MATERIAL] - [STRATEGY:NONE] - [COOKIE:NO] - [14:34:33][策略1][TikTok] 下载进度：100.0% | 5.9MiB/5.93MiB | 速度 713.92KiB/s | 剩余 00:00
2026-07-10 14:34:33,063 - INFO - [SYSTEM] - [MODE:MATERIAL] - [STRATEGY:NONE] - [COOKIE:NO] - [14:34:33][策略1][TikTok] 下载进度：100.0% | 5.9MiB/5.93MiB | 速度 679.68KiB/s | 剩余 NA
2026-07-10 14:34:33,491 - INFO - [SYSTEM] - [MODE:MATERIAL] - [STRATEGY:NONE] - [COOKIE:NO] - [14:34:33][策略1][TikTok] Selected format: format_id=bytevc1_1080p_2824363-1, res=1080x1920, fps=NA, tbr=2824, ext=mp4
2026-07-10 14:34:33,491 - INFO - [SYSTEM] - [MODE:MATERIAL] - [STRATEGY:NONE] - [COOKIE:NO] - [14:34:33][策略1][TikTok] 下载成功，耗时 14.0s
2026-07-10 14:34:33,492 - INFO - [TikTok] - [MODE:MATERIAL] - [STRATEGY:PlatformNoCookie] - [COOKIE:NO] - DOWNLOAD_SUCCESS | MODE:MATERIAL | STRATEGY:PlatformNoCookie
2026-07-10 14:34:33,494 - INFO - [SYSTEM] - [MODE:MATERIAL] - [STRATEGY:NONE] - [COOKIE:NO] - [14:34:33] 文件名: 360 FPS ＜3 #space #universe #120fps-7637882838397832449.mp4
2026-07-10 14:34:33,494 - INFO - [SYSTEM] - [MODE:MATERIAL] - [STRATEGY:NONE] - [COOKIE:NO] - [14:34:33] 保存路径: C:/Users/Administrator/Desktop/VideoDown\360 FPS ＜3 #space #universe #120fps-7637882838397832449.mp4
2026-07-10 14:34:33,495 - INFO - [SYSTEM] - [MODE:MATERIAL] - [STRATEGY:NONE] - [COOKIE:NO] - [14:34:33] 文件大小: 5.93 MB
2026-07-10 14:34:33,499 - INFO - [SYSTEM] - [MODE:MATERIAL] - [STRATEGY:NONE] - [COOKIE:NO] - 预览文件已就绪: C:/Users/Administrator/Desktop/VideoDown\360 FPS ＜3 #space #universe #120fps-7637882838397832449.mp4
2026-07-10 14:34:36,707 - INFO - [SYSTEM] - [MODE:MATERIAL] - [STRATEGY:NONE] - [COOKIE:NO] - 使用本地播放器打开预览: C:/Users/Administrator/Desktop/VideoDown\360 FPS ＜3 #space #universe #120fps-7637882838397832449.mp4
2026-07-10 14:41:46,972 - INFO - [SYSTEM] - [MODE:MATERIAL] - [STRATEGY:NONE] - [COOKIE:NO] - logout_success
2026-07-10 14:54:31,181 - INFO - [SYSTEM] - [MODE:MATERIAL] - [STRATEGY:NONE] - [COOKIE:NO] - 已恢复上次预览文件: C:/Users/Administrator/Desktop/VideoDown\360 FPS ＜3 #space #universe #120fps-7637882838397832449.mp4
2026-07-10 14:54:31,532 - INFO - [SYSTEM] - [MODE:MATERIAL] - [STRATEGY:NONE] - [COOKIE:NO] - 启动时检查工具和 Cookie 状态...
2026-07-10 14:54:31,532 - INFO - [SYSTEM] - [MODE:MATERIAL] - [STRATEGY:NONE] - [COOKIE:NO] - Deno.js解析引擎已启动就绪
2026-07-10 14:54:31,533 - INFO - [SYSTEM] - [MODE:MATERIAL] - [STRATEGY:NONE] - [COOKIE:NO] - 所有必要工具已就绪
2026-07-10 14:54:31,534 - INFO - [SYSTEM] - [MODE:MATERIAL] - [STRATEGY:NONE] - [COOKIE:NO] - [14:54:31] Cookie health check:
2026-07-10 14:54:31,534 - INFO - [SYSTEM] - [MODE:MATERIAL] - [STRATEGY:NONE] - [COOKIE:NO] -   YouTube: healthy | score=95 | size=1.58 KB | Cookie valid until 2027-05-25 10:59
2026-07-10 14:54:31,534 - INFO - [SYSTEM] - [MODE:MATERIAL] - [STRATEGY:NONE] - [COOKIE:NO] -   Instagram: healthy | score=95 | size=854.00 B | Cookie valid until 2027-06-04 13:58
2026-07-10 14:54:31,534 - INFO - [SYSTEM] - [MODE:MATERIAL] - [STRATEGY:NONE] - [COOKIE:NO] -   TikTok: healthy | score=95 | size=4.51 KB | Cookie valid until 2027-07-10 14:33
2026-07-10 14:54:31,534 - INFO - [SYSTEM] - [MODE:MATERIAL] - [STRATEGY:NONE] - [COOKIE:NO] -   Twitter: healthy | score=95 | size=1.26 KB | Cookie valid until 2027-07-10 11:13
2026-07-10 14:54:33,369 - INFO - [SYSTEM] - [MODE:MATERIAL] - [STRATEGY:NONE] - [COOKIE:NO] - 检查更新跳过：<urlopen error [SSL: UNEXPECTED_EOF_WHILE_READING] EOF occurred in violation of protocol (_ssl.c:1006)>
2026-07-10 14:54:36,569 - INFO - [SYSTEM] - [MODE:MATERIAL] - [STRATEGY:NONE] - [COOKIE:NO] - ⚠️ 未授权
2026-07-10 14:58:25,493 - INFO - [SYSTEM] - [MODE:MATERIAL] - [STRATEGY:NONE] - [COOKIE:NO] - 已从剪贴板粘贴内容。
2026-07-10 14:59:04,029 - INFO - [SYSTEM] - [MODE:MATERIAL] - [STRATEGY:NONE] - [COOKIE:NO] - 账号登录成功
2026-07-10 14:59:04,029 - INFO - [SYSTEM] - [MODE:MATERIAL] - [STRATEGY:NONE] - [COOKIE:NO] - 账号模式下载校验：主下载页面批量下载，准备登记 1 个下载任务
2026-07-10 14:59:05,792 - INFO - [SYSTEM] - [MODE:MATERIAL] - [STRATEGY:NONE] - [COOKIE:NO] - 账号模式下载校验结果：status=ok, msg=subscription_ok
2026-07-10 14:59:05,794 - INFO - [SYSTEM] - [MODE:MATERIAL] - [STRATEGY:NONE] - [COOKIE:NO] - 开始视频下载 1 个任务
2026-07-10 14:59:05,795 - INFO - [SYSTEM] - [MODE:MATERIAL] - [STRATEGY:NONE] - [COOKIE:NO] - 下载路径: C:/Users/Administrator/Desktop/VideoDown
2026-07-10 14:59:05,795 - INFO - [SYSTEM] - [MODE:MATERIAL] - [STRATEGY:NONE] - [COOKIE:NO] - 画质: 最佳画质
2026-07-10 14:59:05,796 - INFO - [SYSTEM] - [MODE:MATERIAL] - [STRATEGY:NONE] - [COOKIE:NO] - 下载调度: TikTok:1
2026-07-10 14:59:05,805 - INFO - [SYSTEM] - [MODE:MATERIAL] - [STRATEGY:NONE] - [COOKIE:NO] - 账号模式下载校验：主下载页面批量下载，准备登记 1 个下载任务
2026-07-10 14:59:07,568 - INFO - [SYSTEM] - [MODE:MATERIAL] - [STRATEGY:NONE] - [COOKIE:NO] - 账号模式下载校验结果：status=ok, msg=subscription_ok
2026-07-10 14:59:07,570 - INFO - [SYSTEM] - [MODE:MATERIAL] - [STRATEGY:NONE] - [COOKIE:NO] - 开始视频下载 1 个任务
2026-07-10 14:59:07,571 - INFO - [SYSTEM] - [MODE:MATERIAL] - [STRATEGY:NONE] - [COOKIE:NO] - 下载路径: C:/Users/Administrator/Desktop/VideoDown
2026-07-10 14:59:07,571 - INFO - [SYSTEM] - [MODE:MATERIAL] - [STRATEGY:NONE] - [COOKIE:NO] - 画质: 最佳画质
2026-07-10 14:59:07,571 - INFO - [SYSTEM] - [MODE:MATERIAL] - [STRATEGY:NONE] - [COOKIE:NO] - 下载调度: TikTok:1
2026-07-10 14:59:14,721 - INFO - [SYSTEM] - [MODE:MATERIAL] - [STRATEGY:NONE] - [COOKIE:NO] - 设置已保存
2026-07-10 15:00:02,072 - INFO - [SYSTEM] - [MODE:MATERIAL] - [STRATEGY:NONE] - [COOKIE:NO] - 正在重启软件...
2026-07-10 15:00:02,410 - INFO - [SYSTEM] - [MODE:MATERIAL] - [STRATEGY:NONE] - [COOKIE:NO] - 已恢复上次预览文件: C:/Users/Administrator/Desktop/VideoDown\360 FPS ＜3 #space #universe #120fps-7637882838397832449.mp4
2026-07-10 15:00:02,770 - INFO - [SYSTEM] - [MODE:MATERIAL] - [STRATEGY:NONE] - [COOKIE:NO] - 启动时检查工具和 Cookie 状态...
2026-07-10 15:00:02,771 - INFO - [SYSTEM] - [MODE:MATERIAL] - [STRATEGY:NONE] - [COOKIE:NO] - Deno.js解析引擎已启动就绪
2026-07-10 15:00:02,771 - INFO - [SYSTEM] - [MODE:MATERIAL] - [STRATEGY:NONE] - [COOKIE:NO] - 所有必要工具已就绪
2026-07-10 15:00:02,772 - INFO - [SYSTEM] - [MODE:MATERIAL] - [STRATEGY:NONE] - [COOKIE:NO] - [15:00:02] Cookie health check:
2026-07-10 15:00:02,772 - INFO - [SYSTEM] - [MODE:MATERIAL] - [STRATEGY:NONE] - [COOKIE:NO] -   YouTube: healthy | score=95 | size=1.58 KB | Cookie valid until 2027-05-25 10:59
2026-07-10 15:00:02,772 - INFO - [SYSTEM] - [MODE:MATERIAL] - [STRATEGY:NONE] - [COOKIE:NO] -   Instagram: healthy | score=95 | size=854.00 B | Cookie valid until 2027-06-04 13:58
2026-07-10 15:00:02,772 - INFO - [SYSTEM] - [MODE:MATERIAL] - [STRATEGY:NONE] - [COOKIE:NO] -   TikTok: healthy | score=95 | size=4.51 KB | Cookie valid until 2027-07-10 14:33
2026-07-10 15:00:02,772 - INFO - [SYSTEM] - [MODE:MATERIAL] - [STRATEGY:NONE] - [COOKIE:NO] -   Twitter: healthy | score=95 | size=1.26 KB | Cookie valid until 2027-07-10 11:13
2026-07-10 15:00:04,648 - INFO - [SYSTEM] - [MODE:MATERIAL] - [STRATEGY:NONE] - [COOKIE:NO] - 账号验证成功（半年订阅）
2026-07-10 15:00:17,097 - INFO - [SYSTEM] - [MODE:MATERIAL] - [STRATEGY:NONE] - [COOKIE:NO] - 设置已保存
2026-07-10 15:00:20,934 - INFO - [SYSTEM] - [MODE:MATERIAL] - [STRATEGY:NONE] - [COOKIE:NO] - 已从剪贴板粘贴内容。
2026-07-10 15:00:34,892 - INFO - [SYSTEM] - [MODE:MATERIAL] - [STRATEGY:NONE] - [COOKIE:NO] - 账号模式下载校验：主下载页面批量下载，准备登记 1 个下载任务
2026-07-10 15:00:36,650 - INFO - [SYSTEM] - [MODE:MATERIAL] - [STRATEGY:NONE] - [COOKIE:NO] - 账号模式下载校验结果：status=ok, msg=subscription_ok
2026-07-10 15:00:36,651 - INFO - [SYSTEM] - [MODE:MATERIAL] - [STRATEGY:NONE] - [COOKIE:NO] - 开始视频下载 1 个任务
2026-07-10 15:00:36,651 - INFO - [SYSTEM] - [MODE:MATERIAL] - [STRATEGY:NONE] - [COOKIE:NO] - 下载路径: C:/Users/Administrator/Desktop/VideoDown
2026-07-10 15:00:36,651 - INFO - [SYSTEM] - [MODE:MATERIAL] - [STRATEGY:NONE] - [COOKIE:NO] - 画质: 最高 720p
2026-07-10 15:00:36,652 - INFO - [SYSTEM] - [MODE:MATERIAL] - [STRATEGY:NONE] - [COOKIE:NO] - 下载限速: 不限速
2026-07-10 15:00:36,652 - INFO - [SYSTEM] - [MODE:MATERIAL] - [STRATEGY:NONE] - [COOKIE:NO] - 下载调度: TikTok:1
2026-07-10 15:00:36,654 - INFO - [TikTok] - [MODE:MATERIAL] - [STRATEGY:START] - [COOKIE:NO] - DOWNLOAD_START | MODE:MATERIAL | URL:https://www.tiktok.com/@seviiiim3/video/7651967071936548116?is_from_webapp=1&sender_device=pc&web_id=7582869025874920978 | MODIFIED:True | REASON:removed tracking params
2026-07-10 15:00:36,654 - INFO - [SYSTEM] - [MODE:MATERIAL] - [STRATEGY:NONE] - [COOKIE:NO] - [15:00:36] 📋 平台: TikTok
2026-07-10 15:00:36,654 - INFO - [SYSTEM] - [MODE:MATERIAL] - [STRATEGY:NONE] - [COOKIE:NO] - [15:00:36] 策略1：TikTok专属无 Cookie 下载...
2026-07-10 15:00:36,654 - INFO - [SYSTEM] - [MODE:MATERIAL] - [STRATEGY:NONE] - [COOKIE:NO] - [15:00:36][策略1][TikTok] 开始执行 yt-dlp
2026-07-10 15:00:39,473 - INFO - [SYSTEM] - [MODE:MATERIAL] - [STRATEGY:NONE] - [COOKIE:NO] - [15:00:39][策略1][TikTok] [yt-dlp stderr]
WARNING: Your yt-dlp version (2026.03.17) is older than 90 days!
To suppress this warning, add --no-update to your command/config.
ERROR: [TikTok] 7651967071936548116: Requested format is not available. Use --list-formats for a list of available formats
2026-07-10 15:00:39,473 - INFO - [SYSTEM] - [MODE:MATERIAL] - [STRATEGY:NONE] - [COOKIE:NO] - [15:00:39][策略1][TikTok] 策略失败：UNKNOWN，耗时 2.8s
2026-07-10 15:00:39,475 - INFO - [SYSTEM] - [MODE:MATERIAL] - [STRATEGY:NONE] - [COOKIE:NO] - [15:00:39] 第 1 次下载失败：下载失败，原因暂时无法明确识别。，2.1 秒后开始第 2/3 次重试
2026-07-10 15:00:41,577 - INFO - [SYSTEM] - [MODE:MATERIAL] - [STRATEGY:NONE] - [COOKIE:NO] - [15:00:41] 📋 平台: TikTok
2026-07-10 15:00:41,577 - INFO - [SYSTEM] - [MODE:MATERIAL] - [STRATEGY:NONE] - [COOKIE:NO] - [15:00:41] 策略1：TikTok专属无 Cookie 下载...
2026-07-10 15:00:41,578 - INFO - [SYSTEM] - [MODE:MATERIAL] - [STRATEGY:NONE] - [COOKIE:NO] - [15:00:41][策略1][TikTok] 开始执行 yt-dlp
2026-07-10 15:00:44,393 - INFO - [SYSTEM] - [MODE:MATERIAL] - [STRATEGY:NONE] - [COOKIE:NO] - [15:00:44][策略1][TikTok] [yt-dlp stderr]
WARNING: Your yt-dlp version (2026.03.17) is older than 90 days!
To suppress this warning, add --no-update to your command/config.
ERROR: [TikTok] 7651967071936548116: Requested format is not available. Use --list-formats for a list of available formats
2026-07-10 15:00:44,393 - INFO - [SYSTEM] - [MODE:MATERIAL] - [STRATEGY:NONE] - [COOKIE:NO] - [15:00:44][策略1][TikTok] 策略失败：UNKNOWN，耗时 2.8s
2026-07-10 15:00:44,394 - INFO - [SYSTEM] - [MODE:MATERIAL] - [STRATEGY:NONE] - [COOKIE:NO] - [15:00:44] 第 2 次下载失败：下载失败，原因暂时无法明确识别。，3.8 秒后开始第 3/3 次重试
2026-07-10 15:00:48,205 - INFO - [SYSTEM] - [MODE:MATERIAL] - [STRATEGY:NONE] - [COOKIE:NO] - [15:00:48] 📋 平台: TikTok
2026-07-10 15:00:48,205 - INFO - [SYSTEM] - [MODE:MATERIAL] - [STRATEGY:NONE] - [COOKIE:NO] - [15:00:48] 策略1：TikTok专属无 Cookie 下载...
2026-07-10 15:00:48,206 - INFO - [SYSTEM] - [MODE:MATERIAL] - [STRATEGY:NONE] - [COOKIE:NO] - [15:00:48][策略1][TikTok] 开始执行 yt-dlp
2026-07-10 15:00:50,822 - INFO - [SYSTEM] - [MODE:MATERIAL] - [STRATEGY:NONE] - [COOKIE:NO] - [15:00:50][策略1][TikTok] [yt-dlp stderr]
WARNING: Your yt-dlp version (2026.03.17) is older than 90 days!
To suppress this warning, add --no-update to your command/config.
ERROR: [TikTok] 7651967071936548116: Requested format is not available. Use --list-formats for a list of available formats
2026-07-10 15:00:50,822 - INFO - [SYSTEM] - [MODE:MATERIAL] - [STRATEGY:NONE] - [COOKIE:NO] - [15:00:50][策略1][TikTok] 策略失败：UNKNOWN，耗时 2.6s
2026-07-10 15:00:50,823 - WARNING - [TikTok] - [MODE:MATERIAL] - [STRATEGY:PlatformNoCookie] - [COOKIE:NO] - DOWNLOAD_FAILED | MODE:MATERIAL | STRATEGY:PlatformNoCookie | ERROR:UNKNOWN
2026-07-10 15:00:50,823 - INFO - [SYSTEM] - [MODE:MATERIAL] - [STRATEGY:NONE] - [COOKIE:NO] - [15:00:36] 下载失败
2026-07-10 15:00:50,823 - INFO - [SYSTEM] - [MODE:MATERIAL] - [STRATEGY:NONE] - [COOKIE:NO] - [15:00:36] 本次失败发生在：平台专属无 Cookie 下载
2026-07-10 15:00:50,823 - INFO - [SYSTEM] - [MODE:MATERIAL] - [STRATEGY:NONE] - [COOKIE:NO] - [15:00:36] 失败原因：下载失败，原因暂时无法明确识别。
2026-07-10 15:00:50,823 - INFO - [SYSTEM] - [MODE:MATERIAL] - [STRATEGY:NONE] - [COOKIE:NO] - 
WARNING: Your yt-dlp version (2026.03.17) is older than 90 days!
It is strongly recommended to always use the latest version.
Run "yt-dlp --update" or "yt-dlp -U" to update.
To suppress this warning, add --no-update to your command/config.
ERROR: [TikTok] 7651967071936548116: Requested format is not available. Use --list-formats for a list of available formats
2026-07-10 15:04:59,322 - INFO - [SYSTEM] - [MODE:MATERIAL] - [STRATEGY:NONE] - [COOKIE:NO] - 已恢复上次预览文件: C:/Users/Administrator/Desktop/VideoDown\360 FPS ＜3 #space #universe #120fps-7637882838397832449.mp4
2026-07-10 15:04:59,679 - INFO - [SYSTEM] - [MODE:MATERIAL] - [STRATEGY:NONE] - [COOKIE:NO] - 启动时检查工具和 Cookie 状态...
2026-07-10 15:04:59,680 - INFO - [SYSTEM] - [MODE:MATERIAL] - [STRATEGY:NONE] - [COOKIE:NO] - Deno.js解析引擎已启动就绪
2026-07-10 15:04:59,680 - INFO - [SYSTEM] - [MODE:MATERIAL] - [STRATEGY:NONE] - [COOKIE:NO] - 所有必要工具已就绪
2026-07-10 15:04:59,681 - INFO - [SYSTEM] - [MODE:MATERIAL] - [STRATEGY:NONE] - [COOKIE:NO] - [15:04:59] Cookie health check:
2026-07-10 15:04:59,681 - INFO - [SYSTEM] - [MODE:MATERIAL] - [STRATEGY:NONE] - [COOKIE:NO] -   YouTube: healthy | score=95 | size=1.58 KB | Cookie valid until 2027-05-25 10:59
2026-07-10 15:04:59,681 - INFO - [SYSTEM] - [MODE:MATERIAL] - [STRATEGY:NONE] - [COOKIE:NO] -   Instagram: healthy | score=95 | size=854.00 B | Cookie valid until 2027-06-04 13:58
2026-07-10 15:04:59,682 - INFO - [SYSTEM] - [MODE:MATERIAL] - [STRATEGY:NONE] - [COOKIE:NO] -   TikTok: healthy | score=95 | size=4.51 KB | Cookie valid until 2027-07-10 14:33
2026-07-10 15:04:59,682 - INFO - [SYSTEM] - [MODE:MATERIAL] - [STRATEGY:NONE] - [COOKIE:NO] -   Twitter: healthy | score=95 | size=1.26 KB | Cookie valid until 2027-07-10 11:13
2026-07-10 15:05:01,530 - INFO - [SYSTEM] - [MODE:MATERIAL] - [STRATEGY:NONE] - [COOKIE:NO] - 账号验证成功（半年订阅）
2026-07-10 15:05:04,631 - INFO - [SYSTEM] - [MODE:MATERIAL] - [STRATEGY:NONE] - [COOKIE:NO] - 检查更新跳过：<urlopen error [SSL: UNEXPECTED_EOF_WHILE_READING] EOF occurred in violation of protocol (_ssl.c:1006)>
2026-07-10 15:05:26,462 - INFO - [SYSTEM] - [MODE:MATERIAL] - [STRATEGY:NONE] - [COOKIE:NO] - 已从剪贴板粘贴内容。
2026-07-10 15:05:27,845 - INFO - [SYSTEM] - [MODE:MATERIAL] - [STRATEGY:NONE] - [COOKIE:NO] - 账号模式下载校验：主下载页面批量下载，准备登记 1 个下载任务
2026-07-10 15:05:29,635 - INFO - [SYSTEM] - [MODE:MATERIAL] - [STRATEGY:NONE] - [COOKIE:NO] - 账号模式下载校验结果：status=ok, msg=subscription_ok
2026-07-10 15:05:29,637 - INFO - [SYSTEM] - [MODE:MATERIAL] - [STRATEGY:NONE] - [COOKIE:NO] - 开始视频下载 1 个任务
2026-07-10 15:05:29,638 - INFO - [SYSTEM] - [MODE:MATERIAL] - [STRATEGY:NONE] - [COOKIE:NO] - 下载路径: C:/Users/Administrator/Desktop/VideoDown
2026-07-10 15:05:29,638 - INFO - [SYSTEM] - [MODE:MATERIAL] - [STRATEGY:NONE] - [COOKIE:NO] - 画质: 最佳画质
2026-07-10 15:05:29,639 - INFO - [SYSTEM] - [MODE:MATERIAL] - [STRATEGY:NONE] - [COOKIE:NO] - 下载调度: TikTok:1
2026-07-10 15:05:29,640 - INFO - [TikTok] - [MODE:MATERIAL] - [STRATEGY:START] - [COOKIE:NO] - DOWNLOAD_START | MODE:MATERIAL | URL:https://www.tiktok.com/@seviiiim3/video/7651967071936548116?is_from_webapp=1&sender_device=pc&web_id=7582869025874920978 | MODIFIED:True | REASON:removed tracking params
2026-07-10 15:05:29,640 - INFO - [SYSTEM] - [MODE:MATERIAL] - [STRATEGY:NONE] - [COOKIE:NO] - [15:05:29] 📋 平台: TikTok
2026-07-10 15:05:29,641 - INFO - [SYSTEM] - [MODE:MATERIAL] - [STRATEGY:NONE] - [COOKIE:NO] - [15:05:29] 策略1：TikTok专属无 Cookie 下载...
2026-07-10 15:05:29,642 - INFO - [SYSTEM] - [MODE:MATERIAL] - [STRATEGY:NONE] - [COOKIE:NO] - [15:05:29][策略1][TikTok] 开始执行 yt-dlp
2026-07-10 15:05:34,502 - INFO - [SYSTEM] - [MODE:MATERIAL] - [STRATEGY:NONE] - [COOKIE:NO] - [15:05:34][策略1][TikTok] 下载进度：0.1% | 0.0MiB/1.26MiB | 速度 Unknown | 剩余 Unknown
2026-07-10 15:05:34,563 - INFO - [SYSTEM] - [MODE:MATERIAL] - [STRATEGY:NONE] - [COOKIE:NO] - [15:05:34][策略1][TikTok] 下载进度：2.4% | 0.0MiB/1.26MiB | 速度 501.10KiB/s | 剩余 00:02
2026-07-10 15:05:34,659 - INFO - [SYSTEM] - [MODE:MATERIAL] - [STRATEGY:NONE] - [COOKIE:NO] - [15:05:34][策略1][TikTok] 下载进度：4.9% | 0.1MiB/1.26MiB | 速度 399.69KiB/s | 剩余 00:03
2026-07-10 15:05:34,879 - INFO - [SYSTEM] - [MODE:MATERIAL] - [STRATEGY:NONE] - [COOKIE:NO] - [15:05:34][策略1][TikTok] 下载进度：9.9% | 0.1MiB/1.26MiB | 速度 335.54KiB/s | 剩余 00:03
2026-07-10 15:05:35,149 - INFO - [SYSTEM] - [MODE:MATERIAL] - [STRATEGY:NONE] - [COOKIE:NO] - [15:05:35][策略1][TikTok] 下载进度：19.8% | 0.2MiB/1.26MiB | 速度 393.32KiB/s | 剩余 00:02
2026-07-10 15:05:35,480 - INFO - [SYSTEM] - [MODE:MATERIAL] - [STRATEGY:NONE] - [COOKIE:NO] - [15:05:35][策略1][TikTok] 下载进度：39.6% | 0.5MiB/1.26MiB | 速度 521.77KiB/s | 剩余 00:01
2026-07-10 15:05:35,843 - INFO - [SYSTEM] - [MODE:MATERIAL] - [STRATEGY:NONE] - [COOKIE:NO] - [15:05:35][策略1][TikTok] 下载进度：79.4% | 1.0MiB/1.26MiB | 速度 762.39KiB/s | 剩余 00:00
2026-07-10 15:05:35,964 - INFO - [SYSTEM] - [MODE:MATERIAL] - [STRATEGY:NONE] - [COOKIE:NO] - [15:05:35][策略1][TikTok] 下载进度：100.0% | 1.3MiB/1.26MiB | 速度 881.40KiB/s | 剩余 00:00
2026-07-10 15:05:35,965 - INFO - [SYSTEM] - [MODE:MATERIAL] - [STRATEGY:NONE] - [COOKIE:NO] - [15:05:35][策略1][TikTok] 下载进度：100.0% | 1.3MiB/1.26MiB | 速度 594.33KiB/s | 剩余 NA
2026-07-10 15:05:36,471 - INFO - [SYSTEM] - [MODE:MATERIAL] - [STRATEGY:NONE] - [COOKIE:NO] - [15:05:36][策略1][TikTok] Selected format: format_id=bytevc1_720p_1320109-1, res=720x1280, fps=NA, tbr=1320, ext=mp4
2026-07-10 15:05:36,471 - INFO - [SYSTEM] - [MODE:MATERIAL] - [STRATEGY:NONE] - [COOKIE:NO] - [15:05:36][策略1][TikTok] 下载成功，耗时 6.8s
2026-07-10 15:05:36,472 - INFO - [TikTok] - [MODE:MATERIAL] - [STRATEGY:PlatformNoCookie] - [COOKIE:NO] - DOWNLOAD_SUCCESS | MODE:MATERIAL | STRATEGY:PlatformNoCookie
2026-07-10 15:05:36,472 - INFO - [SYSTEM] - [MODE:MATERIAL] - [STRATEGY:NONE] - [COOKIE:NO] - [15:05:36] 文件名: Vitaminlendikkkk🤪#mersin #yörük #kesfet #fype #33 @ALPEREN TUNCER -7651967071936548116.mp4
2026-07-10 15:05:36,472 - INFO - [SYSTEM] - [MODE:MATERIAL] - [STRATEGY:NONE] - [COOKIE:NO] - [15:05:36] 保存路径: C:/Users/Administrator/Desktop/VideoDown\Vitaminlendikkkk🤪#mersin #yörük #kesfet #fype #33 @ALPEREN TUNCER -7651967071936548116.mp4
2026-07-10 15:05:36,473 - INFO - [SYSTEM] - [MODE:MATERIAL] - [STRATEGY:NONE] - [COOKIE:NO] - [15:05:36] 文件大小: 1.26 MB
2026-07-10 15:05:36,476 - INFO - [SYSTEM] - [MODE:MATERIAL] - [STRATEGY:NONE] - [COOKIE:NO] - 预览文件已就绪: C:/Users/Administrator/Desktop/VideoDown\Vitaminlendikkkk🤪#mersin #yörük #kesfet #fype #33 @ALPEREN TUNCER -7651967071936548116.mp4
2026-07-10 15:05:38,990 - INFO - [SYSTEM] - [MODE:MATERIAL] - [STRATEGY:NONE] - [COOKIE:NO] - 使用本地播放器打开预览: C:/Users/Administrator/Desktop/VideoDown\Vitaminlendikkkk🤪#mersin #yörük #kesfet #fype #33 @ALPEREN TUNCER -7651967071936548116.mp4
