2026-07-31 09:56:09,644 - INFO - [SYSTEM] - [MODE:MATERIAL] - [STRATEGY:NONE] - [COOKIE:NO] - 已恢复上次预览文件: C:/Users/Administrator/Desktop/VideoDown\The Energy of New York City Is UNREAL 🏙️ 🇺🇲 #newyorkcity #travel #usa-lDHsJM7eOHw.mp4
2026-07-31 09:56:09,729 - INFO - [SYSTEM] - [MODE:MATERIAL] - [STRATEGY:NONE] - [COOKIE:NO] - 启动时检查工具和 Cookie 状态...
2026-07-31 09:56:09,730 - INFO - [SYSTEM] - [MODE:MATERIAL] - [STRATEGY:NONE] - [COOKIE:NO] - Deno.js解析引擎已启动就绪
2026-07-31 09:56:09,730 - INFO - [SYSTEM] - [MODE:MATERIAL] - [STRATEGY:NONE] - [COOKIE:NO] - 所有必要工具已就绪
2026-07-31 09:56:09,731 - INFO - [SYSTEM] - [MODE:MATERIAL] - [STRATEGY:NONE] - [COOKIE:NO] - [09:56:09] Cookie health check:
2026-07-31 09:56:09,731 - INFO - [SYSTEM] - [MODE:MATERIAL] - [STRATEGY:NONE] - [COOKIE:NO] -   YouTube: healthy | score=95 | size=1.63 KB | Cookie valid until 2027-05-25 10:59
2026-07-31 09:56:09,732 - INFO - [SYSTEM] - [MODE:MATERIAL] - [STRATEGY:NONE] - [COOKIE:NO] -   Instagram: healthy | score=95 | size=854.00 B | Cookie valid until 2027-06-04 13:58
2026-07-31 09:56:09,732 - INFO - [SYSTEM] - [MODE:MATERIAL] - [STRATEGY:NONE] - [COOKIE:NO] -   TikTok: healthy | score=95 | size=4.51 KB | Cookie valid until 2027-07-10 14:33
2026-07-31 09:56:09,732 - INFO - [SYSTEM] - [MODE:MATERIAL] - [STRATEGY:NONE] - [COOKIE:NO] -   Twitter: healthy | score=95 | size=1.26 KB | Cookie valid until 2027-07-10 11:13
2026-07-31 09:56:11,956 - INFO - [SYSTEM] - [MODE:MATERIAL] - [STRATEGY:NONE] - [COOKIE:NO] - 已加载上次提取的 2075 条记录 （已下载: 45, 失败: 0, 待下载: 2030）
2026-07-31 09:56:12,037 - INFO - [SYSTEM] - [MODE:MATERIAL] - [STRATEGY:NONE] - [COOKIE:NO] - 账号验证成功（月订阅，今日剩余 97 次）
2026-07-31 10:11:56,103 - INFO - [SYSTEM] - [MODE:MATERIAL] - [STRATEGY:NONE] - [COOKIE:NO] - 正在重启软件...
2026-07-31 10:11:56,440 - INFO - [SYSTEM] - [MODE:MATERIAL] - [STRATEGY:NONE] - [COOKIE:NO] - 已恢复上次预览文件: C:/Users/Administrator/Desktop/VideoDown\The Energy of New York City Is UNREAL 🏙️ 🇺🇲 #newyorkcity #travel #usa-lDHsJM7eOHw.mp4
2026-07-31 10:11:56,522 - INFO - [SYSTEM] - [MODE:MATERIAL] - [STRATEGY:NONE] - [COOKIE:NO] - 启动时检查工具和 Cookie 状态...
2026-07-31 10:11:56,523 - INFO - [SYSTEM] - [MODE:MATERIAL] - [STRATEGY:NONE] - [COOKIE:NO] - Deno.js解析引擎已启动就绪
2026-07-31 10:11:56,523 - INFO - [SYSTEM] - [MODE:MATERIAL] - [STRATEGY:NONE] - [COOKIE:NO] - 所有必要工具已就绪
2026-07-31 10:11:56,524 - INFO - [SYSTEM] - [MODE:MATERIAL] - [STRATEGY:NONE] - [COOKIE:NO] - [10:11:56] Cookie health check:
2026-07-31 10:11:56,524 - INFO - [SYSTEM] - [MODE:MATERIAL] - [STRATEGY:NONE] - [COOKIE:NO] -   YouTube: healthy | score=95 | size=1.63 KB | Cookie valid until 2027-05-25 10:59
2026-07-31 10:11:56,524 - INFO - [SYSTEM] - [MODE:MATERIAL] - [STRATEGY:NONE] - [COOKIE:NO] -   Instagram: healthy | score=95 | size=854.00 B | Cookie valid until 2027-06-04 13:58
2026-07-31 10:11:56,524 - INFO - [SYSTEM] - [MODE:MATERIAL] - [STRATEGY:NONE] - [COOKIE:NO] -   TikTok: healthy | score=95 | size=4.51 KB | Cookie valid until 2027-07-10 14:33
2026-07-31 10:11:56,525 - INFO - [SYSTEM] - [MODE:MATERIAL] - [STRATEGY:NONE] - [COOKIE:NO] -   Twitter: healthy | score=95 | size=1.26 KB | Cookie valid until 2027-07-10 11:13
2026-07-31 10:11:58,675 - INFO - [SYSTEM] - [MODE:MATERIAL] - [STRATEGY:NONE] - [COOKIE:NO] - 账号验证成功（月订阅，今日剩余 97 次）
2026-07-31 10:11:59,346 - INFO - [SYSTEM] - [MODE:MATERIAL] - [STRATEGY:NONE] - [COOKIE:NO] - 已加载上次提取的 2075 条记录 （已下载: 45, 失败: 0, 待下载: 2030）
2026-07-31 10:12:05,308 - INFO - [SYSTEM] - [MODE:MATERIAL] - [STRATEGY:NONE] - [COOKIE:NO] - 每页显示数量更改为: 20
2026-07-31 10:12:09,750 - INFO - [SYSTEM] - [MODE:MATERIAL] - [STRATEGY:NONE] - [COOKIE:NO] - 跳转到下一页: 2/104
2026-07-31 10:21:11,518 - INFO - [SYSTEM] - [MODE:MATERIAL] - [STRATEGY:NONE] - [COOKIE:NO] - 正在重启软件...
2026-07-31 10:21:11,849 - INFO - [SYSTEM] - [MODE:MATERIAL] - [STRATEGY:NONE] - [COOKIE:NO] - 已恢复上次预览文件: C:/Users/Administrator/Desktop/VideoDown\The Energy of New York City Is UNREAL 🏙️ 🇺🇲 #newyorkcity #travel #usa-lDHsJM7eOHw.mp4
2026-07-31 10:21:11,935 - INFO - [SYSTEM] - [MODE:MATERIAL] - [STRATEGY:NONE] - [COOKIE:NO] - 启动时检查工具和 Cookie 状态...
2026-07-31 10:21:11,936 - INFO - [SYSTEM] - [MODE:MATERIAL] - [STRATEGY:NONE] - [COOKIE:NO] - Deno.js解析引擎已启动就绪
2026-07-31 10:21:11,936 - INFO - [SYSTEM] - [MODE:MATERIAL] - [STRATEGY:NONE] - [COOKIE:NO] - 所有必要工具已就绪
2026-07-31 10:21:11,937 - INFO - [SYSTEM] - [MODE:MATERIAL] - [STRATEGY:NONE] - [COOKIE:NO] - [10:21:11] Cookie health check:
2026-07-31 10:21:11,937 - INFO - [SYSTEM] - [MODE:MATERIAL] - [STRATEGY:NONE] - [COOKIE:NO] -   YouTube: healthy | score=95 | size=1.63 KB | Cookie valid until 2027-05-25 10:59
2026-07-31 10:21:11,937 - INFO - [SYSTEM] - [MODE:MATERIAL] - [STRATEGY:NONE] - [COOKIE:NO] -   Instagram: healthy | score=95 | size=854.00 B | Cookie valid until 2027-06-04 13:58
2026-07-31 10:21:11,937 - INFO - [SYSTEM] - [MODE:MATERIAL] - [STRATEGY:NONE] - [COOKIE:NO] -   TikTok: healthy | score=95 | size=4.51 KB | Cookie valid until 2027-07-10 14:33
2026-07-31 10:21:11,938 - INFO - [SYSTEM] - [MODE:MATERIAL] - [STRATEGY:NONE] - [COOKIE:NO] -   Twitter: healthy | score=95 | size=1.26 KB | Cookie valid until 2027-07-10 11:13
2026-07-31 10:21:14,074 - INFO - [SYSTEM] - [MODE:MATERIAL] - [STRATEGY:NONE] - [COOKIE:NO] - 账号验证成功（月订阅，今日剩余 97 次）
2026-07-31 10:21:14,545 - INFO - [SYSTEM] - [MODE:MATERIAL] - [STRATEGY:NONE] - [COOKIE:NO] - 打开官网订阅：https://license.muyanshidai.com/index.php
2026-07-31 10:24:32,786 - INFO - [SYSTEM] - [MODE:MATERIAL] - [STRATEGY:NONE] - [COOKIE:NO] - 已加载上次提取的 2075 条记录 （已下载: 45, 失败: 0, 待下载: 2030）
2026-07-31 10:24:36,014 - INFO - [SYSTEM] - [MODE:MATERIAL] - [STRATEGY:NONE] - [COOKIE:NO] - 每页显示数量更改为: 11
2026-07-31 10:24:43,453 - INFO - [SYSTEM] - [MODE:MATERIAL] - [STRATEGY:NONE] - [COOKIE:NO] - 每页显示数量更改为: 20
2026-07-31 10:24:50,350 - INFO - [SYSTEM] - [MODE:MATERIAL] - [STRATEGY:NONE] - [COOKIE:NO] - 跳转到下一页: 2/104
2026-07-31 10:25:06,472 - INFO - [SYSTEM] - [MODE:MATERIAL] - [STRATEGY:NONE] - [COOKIE:NO] - 已打开下载文件夹: C:/Users/Administrator/Desktop/VideoDown
2026-07-31 10:36:24,853 - INFO - [SYSTEM] - [MODE:MATERIAL] - [STRATEGY:NONE] - [COOKIE:NO] - 账号模式下载校验：主页提取批量下载，准备预占 3 个下载名额
2026-07-31 10:36:26,674 - INFO - [SYSTEM] - [MODE:MATERIAL] - [STRATEGY:NONE] - [COOKIE:NO] - 账号模式下载校验结果：status=ok, msg=download_quota_reserved
2026-07-31 10:36:26,675 - INFO - [SYSTEM] - [MODE:MATERIAL] - [STRATEGY:NONE] - [COOKIE:NO] - 开始顺序批量下载，共 3 个任务，并同步保存视频封面
2026-07-31 10:36:26,740 - INFO - [SYSTEM] - [MODE:MATERIAL] - [STRATEGY:NONE] - [COOKIE:NO] - [10:36:26] 📥 开始下载: https://www.youtube.com/shorts/LBQsQXSch_o
2026-07-31 10:36:26,741 - INFO - [SYSTEM] - [MODE:MATERIAL] - [STRATEGY:NONE] - [COOKIE:NO] - [10:36:26] YouTube URL normalized (Shorts)
2026-07-31 10:36:26,741 - INFO - [SYSTEM] - [MODE:MATERIAL] - [STRATEGY:NONE] - [COOKIE:NO] - [10:36:26] 📋 平台: YouTube
2026-07-31 10:36:26,741 - INFO - [SYSTEM] - [MODE:MATERIAL] - [STRATEGY:NONE] - [COOKIE:NO] - [10:36:26] 📱 检测到 Shorts 视频
2026-07-31 10:36:26,741 - INFO - [SYSTEM] - [MODE:MATERIAL] - [STRATEGY:NONE] - [COOKIE:NO] - [10:36:26] 策略1：YouTube 无 Cookie 下载...
2026-07-31 10:36:26,741 - INFO - [SYSTEM] - [MODE:MATERIAL] - [STRATEGY:NONE] - [COOKIE:NO] - [10:36:26][策略1][YouTube] 开始执行 yt-dlp
2026-07-31 10:36:32,865 - INFO - [SYSTEM] - [MODE:MATERIAL] - [STRATEGY:NONE] - [COOKIE:NO] - [10:36:32][策略1][YouTube] 下载进度：0.0% | 0.0MiB/14.31MiB | 速度 Unknown | 剩余 Unknown
2026-07-31 10:36:32,966 - INFO - [SYSTEM] - [MODE:MATERIAL] - [STRATEGY:NONE] - [COOKIE:NO] - [10:36:32][策略1][YouTube] 下载进度：3.5% | 0.5MiB/14.31MiB | 速度 5.44MiB/s | 剩余 00:02
2026-07-31 10:36:33,473 - INFO - [SYSTEM] - [MODE:MATERIAL] - [STRATEGY:NONE] - [COOKIE:NO] - [10:36:33][策略1][YouTube] 下载进度：7.0% | 1.0MiB/14.31MiB | 速度 1.64MiB/s | 剩余 00:08
2026-07-31 10:36:35,023 - INFO - [SYSTEM] - [MODE:MATERIAL] - [STRATEGY:NONE] - [COOKIE:NO] - [10:36:35][策略1][YouTube] 下载进度：13.7% | 2.0MiB/14.31MiB | 速度 931.66KiB/s | 剩余 00:13
2026-07-31 10:36:36,026 - INFO - [SYSTEM] - [MODE:MATERIAL] - [STRATEGY:NONE] - [COOKIE:NO] - [10:36:36][策略1][YouTube] 下载进度：18.1% | 2.6MiB/14.31MiB | 速度 837.80KiB/s | 剩余 00:14
2026-07-31 10:36:37,032 - INFO - [SYSTEM] - [MODE:MATERIAL] - [STRATEGY:NONE] - [COOKIE:NO] - [10:36:37][策略1][YouTube] 下载进度：22.4% | 3.2MiB/14.31MiB | 速度 788.22KiB/s | 剩余 00:14
2026-07-31 10:36:38,458 - INFO - [SYSTEM] - [MODE:MATERIAL] - [STRATEGY:NONE] - [COOKIE:NO] - [10:36:38][策略1][YouTube] 下载进度：26.7% | 3.8MiB/14.31MiB | 速度 700.38KiB/s | 剩余 00:15
2026-07-31 10:36:39,604 - INFO - [SYSTEM] - [MODE:MATERIAL] - [STRATEGY:NONE] - [COOKIE:NO] - [10:36:39][策略1][YouTube] 下载进度：29.8% | 4.3MiB/14.31MiB | 速度 647.12KiB/s | 剩余 00:15
2026-07-31 10:36:40,204 - INFO - [SYSTEM] - [MODE:MATERIAL] - [STRATEGY:NONE] - [COOKIE:NO] - [10:36:40][策略1][YouTube] 下载进度：32.4% | 4.6MiB/14.31MiB | 速度 646.85KiB/s | 剩余 00:15
2026-07-31 10:36:41,262 - INFO - [SYSTEM] - [MODE:MATERIAL] - [STRATEGY:NONE] - [COOKIE:NO] - [10:36:41][策略1][YouTube] 下载进度：36.8% | 5.3MiB/14.31MiB | 速度 642.13KiB/s | 剩余 00:14
2026-07-31 10:36:42,212 - INFO - [SYSTEM] - [MODE:MATERIAL] - [STRATEGY:NONE] - [COOKIE:NO] - [10:36:42][策略1][YouTube] 下载进度：41.0% | 5.9MiB/14.31MiB | 速度 642.02KiB/s | 剩余 00:13
2026-07-31 10:36:43,439 - INFO - [SYSTEM] - [MODE:MATERIAL] - [STRATEGY:NONE] - [COOKIE:NO] - [10:36:43][策略1][YouTube] 下载进度：45.3% | 6.5MiB/14.31MiB | 速度 628.13KiB/s | 剩余 00:12
2026-07-31 10:36:44,015 - INFO - [SYSTEM] - [MODE:MATERIAL] - [STRATEGY:NONE] - [COOKIE:NO] - [10:36:44][策略1][YouTube] 下载进度：48.9% | 7.0MiB/14.31MiB | 速度 642.55KiB/s | 剩余 00:11
2026-07-31 10:36:45,439 - INFO - [SYSTEM] - [MODE:MATERIAL] - [STRATEGY:NONE] - [COOKIE:NO] - [10:36:45][策略1][YouTube] 下载进度：55.1% | 7.9MiB/14.31MiB | 速度 641.89KiB/s | 剩余 00:10
2026-07-31 10:36:46,440 - INFO - [SYSTEM] - [MODE:MATERIAL] - [STRATEGY:NONE] - [COOKIE:NO] - [10:36:46][策略1][YouTube] 下载进度：59.4% | 8.5MiB/14.31MiB | 速度 641.50KiB/s | 剩余 00:09
2026-07-31 10:36:47,439 - INFO - [SYSTEM] - [MODE:MATERIAL] - [STRATEGY:NONE] - [COOKIE:NO] - [10:36:47][策略1][YouTube] 下载进度：63.8% | 9.1MiB/14.31MiB | 速度 641.19KiB/s | 剩余 00:08
2026-07-31 10:36:48,419 - INFO - [SYSTEM] - [MODE:MATERIAL] - [STRATEGY:NONE] - [COOKIE:NO] - [10:36:48][策略1][YouTube] 下载进度：68.1% | 9.7MiB/14.31MiB | 速度 641.77KiB/s | 剩余 00:07
2026-07-31 10:36:49,204 - INFO - [SYSTEM] - [MODE:MATERIAL] - [STRATEGY:NONE] - [COOKIE:NO] - [10:36:49][策略1][YouTube] 下载进度：70.3% | 10.1MiB/14.31MiB | 速度 6.16MiB/s | 剩余 00:00
2026-07-31 10:36:50,124 - INFO - [SYSTEM] - [MODE:MATERIAL] - [STRATEGY:NONE] - [COOKIE:NO] - [10:36:50][策略1][YouTube] 下载进度：75.5% | 10.8MiB/14.31MiB | 速度 1.04MiB/s | 剩余 00:03
2026-07-31 10:36:51,124 - INFO - [SYSTEM] - [MODE:MATERIAL] - [STRATEGY:NONE] - [COOKIE:NO] - [10:36:51][策略1][YouTube] 下载进度：79.9% | 11.4MiB/14.31MiB | 速度 848.35KiB/s | 剩余 00:03
2026-07-31 10:36:52,129 - INFO - [SYSTEM] - [MODE:MATERIAL] - [STRATEGY:NONE] - [COOKIE:NO] - [10:36:52][策略1][YouTube] 下载进度：84.3% | 12.1MiB/14.31MiB | 速度 776.74KiB/s | 剩余 00:02
2026-07-31 10:36:53,127 - INFO - [SYSTEM] - [MODE:MATERIAL] - [STRATEGY:NONE] - [COOKIE:NO] - [10:36:53][策略1][YouTube] 下载进度：88.6% | 12.7MiB/14.31MiB | 速度 741.82KiB/s | 剩余 00:02
2026-07-31 10:36:54,128 - INFO - [SYSTEM] - [MODE:MATERIAL] - [STRATEGY:NONE] - [COOKIE:NO] - [10:36:54][策略1][YouTube] 下载进度：93.0% | 13.3MiB/14.31MiB | 速度 720.68KiB/s | 剩余 00:01
2026-07-31 10:36:55,134 - INFO - [SYSTEM] - [MODE:MATERIAL] - [STRATEGY:NONE] - [COOKIE:NO] - [10:36:55][策略1][YouTube] 下载进度：97.3% | 13.9MiB/14.31MiB | 速度 706.01KiB/s | 剩余 00:00
2026-07-31 10:36:55,733 - INFO - [SYSTEM] - [MODE:MATERIAL] - [STRATEGY:NONE] - [COOKIE:NO] - [10:36:55][策略1][YouTube] 下载进度：100.0% | 14.3MiB/14.31MiB | 速度 701.73KiB/s | 剩余 00:00
2026-07-31 10:36:57,487 - INFO - [SYSTEM] - [MODE:MATERIAL] - [STRATEGY:NONE] - [COOKIE:NO] - [10:36:57][策略1][YouTube] Selected format: format_id=299+140, res=1080x1920, fps=60, tbr=5891.3240000000005, ext=mp4
2026-07-31 10:36:57,487 - INFO - [SYSTEM] - [MODE:MATERIAL] - [STRATEGY:NONE] - [COOKIE:NO] - [10:36:57][策略1][YouTube] 下载成功，耗时 30.7s
2026-07-31 10:36:57,488 - INFO - [SYSTEM] - [MODE:MATERIAL] - [STRATEGY:NONE] - [COOKIE:NO] - [10:36:26] 下载成功 | YouTube | 画质：1080P | 未走 Cookie
2026-07-31 10:36:59,347 - INFO - [SYSTEM] - [MODE:MATERIAL] - [STRATEGY:NONE] - [COOKIE:NO] - 下载额度结算：成功并扣除次数
2026-07-31 10:36:59,347 - INFO - [SYSTEM] - [MODE:MATERIAL] - [STRATEGY:NONE] - [COOKIE:NO] - [10:36:57] 下载完成: https://www.youtube.com/shorts/LBQsQXSch_o
2026-07-31 10:36:59,550 - INFO - [SYSTEM] - [MODE:MATERIAL] - [STRATEGY:NONE] - [COOKIE:NO] - [10:36:59] 📥 开始下载: https://www.youtube.com/shorts/Xrd8msR98oY
2026-07-31 10:36:59,551 - INFO - [SYSTEM] - [MODE:MATERIAL] - [STRATEGY:NONE] - [COOKIE:NO] - [10:36:59] YouTube URL normalized (Shorts)
2026-07-31 10:36:59,551 - INFO - [SYSTEM] - [MODE:MATERIAL] - [STRATEGY:NONE] - [COOKIE:NO] - [10:36:59] 📋 平台: YouTube
2026-07-31 10:36:59,551 - INFO - [SYSTEM] - [MODE:MATERIAL] - [STRATEGY:NONE] - [COOKIE:NO] - [10:36:59] 📱 检测到 Shorts 视频
2026-07-31 10:36:59,551 - INFO - [SYSTEM] - [MODE:MATERIAL] - [STRATEGY:NONE] - [COOKIE:NO] - [10:36:59] 策略1：YouTube 无 Cookie 下载...
2026-07-31 10:36:59,551 - INFO - [SYSTEM] - [MODE:MATERIAL] - [STRATEGY:NONE] - [COOKIE:NO] - [10:36:59][策略1][YouTube] 开始执行 yt-dlp
2026-07-31 10:37:04,832 - INFO - [SYSTEM] - [MODE:MATERIAL] - [STRATEGY:NONE] - [COOKIE:NO] - [10:37:04][策略1][YouTube] 下载进度：0.0% | 0.0MiB/11.89MiB | 速度 Unknown | 剩余 Unknown
2026-07-31 10:37:04,881 - INFO - [SYSTEM] - [MODE:MATERIAL] - [STRATEGY:NONE] - [COOKIE:NO] - [10:37:04][策略1][YouTube] 下载进度：2.1% | 0.2MiB/11.89MiB | 速度 5.05MiB/s | 剩余 00:02
2026-07-31 10:37:04,915 - INFO - [SYSTEM] - [MODE:MATERIAL] - [STRATEGY:NONE] - [COOKIE:NO] - [10:37:04][策略1][YouTube] 下载进度：4.2% | 0.5MiB/11.89MiB | 速度 5.98MiB/s | 剩余 00:01
2026-07-31 10:37:05,451 - INFO - [SYSTEM] - [MODE:MATERIAL] - [STRATEGY:NONE] - [COOKIE:NO] - [10:37:05][策略1][YouTube] 下载进度：8.4% | 1.0MiB/11.89MiB | 速度 1.61MiB/s | 剩余 00:06
2026-07-31 10:37:07,166 - INFO - [SYSTEM] - [MODE:MATERIAL] - [STRATEGY:NONE] - [COOKIE:NO] - [10:37:07][策略1][YouTube] 下载进度：16.3% | 1.9MiB/11.89MiB | 速度 847.85KiB/s | 剩余 00:12
2026-07-31 10:37:07,834 - INFO - [SYSTEM] - [MODE:MATERIAL] - [STRATEGY:NONE] - [COOKIE:NO] - [10:37:07][策略1][YouTube] 下载进度：20.8% | 2.5MiB/11.89MiB | 速度 844.89KiB/s | 剩余 00:11
2026-07-31 10:37:09,134 - INFO - [SYSTEM] - [MODE:MATERIAL] - [STRATEGY:NONE] - [COOKIE:NO] - [10:37:09][策略1][YouTube] 下载进度：27.7% | 3.3MiB/11.89MiB | 速度 783.52KiB/s | 剩余 00:11
2026-07-31 10:37:10,135 - INFO - [SYSTEM] - [MODE:MATERIAL] - [STRATEGY:NONE] - [COOKIE:NO] - [10:37:10][策略1][YouTube] 下载进度：33.0% | 3.9MiB/11.89MiB | 速度 756.73KiB/s | 剩余 00:10
2026-07-31 10:37:11,136 - INFO - [SYSTEM] - [MODE:MATERIAL] - [STRATEGY:NONE] - [COOKIE:NO] - [10:37:11][策略1][YouTube] 下载进度：38.2% | 4.5MiB/11.89MiB | 速度 738.32KiB/s | 剩余 00:10
2026-07-31 10:37:12,137 - INFO - [SYSTEM] - [MODE:MATERIAL] - [STRATEGY:NONE] - [COOKIE:NO] - [10:37:12][策略1][YouTube] 下载进度：43.5% | 5.2MiB/11.89MiB | 速度 724.82KiB/s | 剩余 00:09
2026-07-31 10:37:13,137 - INFO - [SYSTEM] - [MODE:MATERIAL] - [STRATEGY:NONE] - [COOKIE:NO] - [10:37:13][策略1][YouTube] 下载进度：48.7% | 5.8MiB/11.89MiB | 速度 714.54KiB/s | 剩余 00:08
2026-07-31 10:37:14,137 - INFO - [SYSTEM] - [MODE:MATERIAL] - [STRATEGY:NONE] - [COOKIE:NO] - [10:37:14][策略1][YouTube] 下载进度：54.0% | 6.4MiB/11.89MiB | 速度 706.52KiB/s | 剩余 00:07
2026-07-31 10:37:15,137 - INFO - [SYSTEM] - [MODE:MATERIAL] - [STRATEGY:NONE] - [COOKIE:NO] - [10:37:15][策略1][YouTube] 下载进度：59.3% | 7.1MiB/11.89MiB | 速度 700.09KiB/s | 剩余 00:07
2026-07-31 10:37:16,142 - INFO - [SYSTEM] - [MODE:MATERIAL] - [STRATEGY:NONE] - [COOKIE:NO] - [10:37:16][策略1][YouTube] 下载进度：64.5% | 7.7MiB/11.89MiB | 速度 694.47KiB/s | 剩余 00:06
2026-07-31 10:37:17,144 - INFO - [SYSTEM] - [MODE:MATERIAL] - [STRATEGY:NONE] - [COOKIE:NO] - [10:37:17][策略1][YouTube] 下载进度：69.7% | 8.3MiB/11.89MiB | 速度 689.69KiB/s | 剩余 00:05
2026-07-31 10:37:18,159 - INFO - [SYSTEM] - [MODE:MATERIAL] - [STRATEGY:NONE] - [COOKIE:NO] - [10:37:18][策略1][YouTube] 下载进度：75.0% | 8.9MiB/11.89MiB | 速度 684.84KiB/s | 剩余 00:04
2026-07-31 10:37:19,271 - INFO - [SYSTEM] - [MODE:MATERIAL] - [STRATEGY:NONE] - [COOKIE:NO] - [10:37:19][策略1][YouTube] 下载进度：80.1% | 9.5MiB/11.89MiB | 速度 675.44KiB/s | 剩余 00:03
2026-07-31 10:37:19,748 - INFO - [SYSTEM] - [MODE:MATERIAL] - [STRATEGY:NONE] - [COOKIE:NO] - [10:37:19][策略1][YouTube] 下载进度：82.4% | 9.8MiB/11.89MiB | 速度 6.74MiB/s | 剩余 00:00
2026-07-31 10:37:20,302 - INFO - [SYSTEM] - [MODE:MATERIAL] - [STRATEGY:NONE] - [COOKIE:NO] - [10:37:20][策略1][YouTube] 下载进度：85.5% | 10.2MiB/11.89MiB | 速度 892.69KiB/s | 剩余 00:01
2026-07-31 10:37:21,102 - INFO - [SYSTEM] - [MODE:MATERIAL] - [STRATEGY:NONE] - [COOKIE:NO] - [10:37:21][策略1][YouTube] 下载进度：89.7% | 10.7MiB/11.89MiB | 速度 745.25KiB/s | 剩余 00:01
2026-07-31 10:37:22,102 - INFO - [SYSTEM] - [MODE:MATERIAL] - [STRATEGY:NONE] - [COOKIE:NO] - [10:37:22][策略1][YouTube] 下载进度：95.0% | 11.3MiB/11.89MiB | 速度 700.85KiB/s | 剩余 00:00
2026-07-31 10:37:23,035 - INFO - [SYSTEM] - [MODE:MATERIAL] - [STRATEGY:NONE] - [COOKIE:NO] - [10:37:23][策略1][YouTube] 下载进度：100.0% | 11.9MiB/11.89MiB | 速度 687.80KiB/s | 剩余 00:00
2026-07-31 10:37:24,415 - INFO - [SYSTEM] - [MODE:MATERIAL] - [STRATEGY:NONE] - [COOKIE:NO] - [10:37:24][策略1][YouTube] Selected format: format_id=299+140, res=1080x1920, fps=60, tbr=5873.64, ext=mp4
2026-07-31 10:37:24,415 - INFO - [SYSTEM] - [MODE:MATERIAL] - [STRATEGY:NONE] - [COOKIE:NO] - [10:37:24][策略1][YouTube] 下载成功，耗时 24.9s
2026-07-31 10:37:24,416 - INFO - [SYSTEM] - [MODE:MATERIAL] - [STRATEGY:NONE] - [COOKIE:NO] - [10:36:59] 下载成功 | YouTube | 画质：1080P | 未走 Cookie
2026-07-31 10:37:26,225 - INFO - [SYSTEM] - [MODE:MATERIAL] - [STRATEGY:NONE] - [COOKIE:NO] - 下载额度结算：成功并扣除次数
2026-07-31 10:37:26,225 - INFO - [SYSTEM] - [MODE:MATERIAL] - [STRATEGY:NONE] - [COOKIE:NO] - [10:37:24] 下载完成: https://www.youtube.com/shorts/Xrd8msR98oY
2026-07-31 10:37:26,431 - INFO - [SYSTEM] - [MODE:MATERIAL] - [STRATEGY:NONE] - [COOKIE:NO] - [10:37:26] 📥 开始下载: https://www.youtube.com/shorts/b-f3X6nVw-0
2026-07-31 10:37:26,432 - INFO - [SYSTEM] - [MODE:MATERIAL] - [STRATEGY:NONE] - [COOKIE:NO] - [10:37:26] YouTube URL normalized (Shorts)
2026-07-31 10:37:26,432 - INFO - [SYSTEM] - [MODE:MATERIAL] - [STRATEGY:NONE] - [COOKIE:NO] - [10:37:26] 📋 平台: YouTube
2026-07-31 10:37:26,432 - INFO - [SYSTEM] - [MODE:MATERIAL] - [STRATEGY:NONE] - [COOKIE:NO] - [10:37:26] 📱 检测到 Shorts 视频
2026-07-31 10:37:26,432 - INFO - [SYSTEM] - [MODE:MATERIAL] - [STRATEGY:NONE] - [COOKIE:NO] - [10:37:26] 策略1：YouTube 无 Cookie 下载...
2026-07-31 10:37:26,432 - INFO - [SYSTEM] - [MODE:MATERIAL] - [STRATEGY:NONE] - [COOKIE:NO] - [10:37:26][策略1][YouTube] 开始执行 yt-dlp
2026-07-31 10:37:32,205 - INFO - [SYSTEM] - [MODE:MATERIAL] - [STRATEGY:NONE] - [COOKIE:NO] - [10:37:32][策略1][YouTube] 下载进度：0.0% | 0.0MiB/34.48MiB | 速度 Unknown | 剩余 Unknown
2026-07-31 10:37:32,811 - INFO - [SYSTEM] - [MODE:MATERIAL] - [STRATEGY:NONE] - [COOKIE:NO] - [10:37:32][策略1][YouTube] 下载进度：2.9% | 1.0MiB/34.48MiB | 速度 1.65MiB/s | 剩余 00:20
2026-07-31 10:37:34,339 - INFO - [SYSTEM] - [MODE:MATERIAL] - [STRATEGY:NONE] - [COOKIE:NO] - [10:37:34][策略1][YouTube] 下载进度：5.6% | 1.9MiB/34.48MiB | 速度 929.53KiB/s | 剩余 00:35
2026-07-31 10:37:36,328 - INFO - [SYSTEM] - [MODE:MATERIAL] - [STRATEGY:NONE] - [COOKIE:NO] - [10:37:36][策略1][YouTube] 下载进度：9.2% | 3.2MiB/34.48MiB | 速度 788.37KiB/s | 剩余 00:40
2026-07-31 10:37:38,328 - INFO - [SYSTEM] - [MODE:MATERIAL] - [STRATEGY:NONE] - [COOKIE:NO] - [10:37:38][策略1][YouTube] 下载进度：12.9% | 4.4MiB/34.48MiB | 速度 741.20KiB/s | 剩余 00:41
2026-07-31 10:37:40,330 - INFO - [SYSTEM] - [MODE:MATERIAL] - [STRATEGY:NONE] - [COOKIE:NO] - [10:37:40][策略1][YouTube] 下载进度：16.5% | 5.7MiB/34.48MiB | 速度 715.25KiB/s | 剩余 00:41
2026-07-31 10:37:42,338 - INFO - [SYSTEM] - [MODE:MATERIAL] - [STRATEGY:NONE] - [COOKIE:NO] - [10:37:42][策略1][YouTube] 下载进度：20.1% | 6.9MiB/34.48MiB | 速度 698.64KiB/s | 剩余 00:40
2026-07-31 10:37:44,341 - INFO - [SYSTEM] - [MODE:MATERIAL] - [STRATEGY:NONE] - [COOKIE:NO] - [10:37:44][策略1][YouTube] 下载进度：23.7% | 8.2MiB/34.48MiB | 速度 688.50KiB/s | 剩余 00:39
2026-07-31 10:37:46,321 - INFO - [SYSTEM] - [MODE:MATERIAL] - [STRATEGY:NONE] - [COOKIE:NO] - [10:37:46][策略1][YouTube] 下载进度：27.3% | 9.4MiB/34.48MiB | 速度 682.08KiB/s | 剩余 00:37
2026-07-31 10:37:47,433 - INFO - [SYSTEM] - [MODE:MATERIAL] - [STRATEGY:NONE] - [COOKIE:NO] - [10:37:47][策略1][YouTube] 下载进度：29.3% | 10.1MiB/34.48MiB | 速度 1.65MiB/s | 剩余 00:14
2026-07-31 10:37:48,641 - INFO - [SYSTEM] - [MODE:MATERIAL] - [STRATEGY:NONE] - [COOKIE:NO] - [10:37:48][策略1][YouTube] 下载进度：31.5% | 10.9MiB/34.48MiB | 速度 752.66KiB/s | 剩余 00:32
2026-07-31 10:37:50,637 - INFO - [SYSTEM] - [MODE:MATERIAL] - [STRATEGY:NONE] - [COOKIE:NO] - [10:37:50][策略1][YouTube] 下载进度：35.1% | 12.1MiB/34.48MiB | 速度 685.34KiB/s | 剩余 00:33
2026-07-31 10:37:52,365 - INFO - [SYSTEM] - [MODE:MATERIAL] - [STRATEGY:NONE] - [COOKIE:NO] - [10:37:52][策略1][YouTube] 下载进度：38.2% | 13.2MiB/34.48MiB | 速度 666.85KiB/s | 剩余 00:32
2026-07-31 10:37:53,789 - INFO - [SYSTEM] - [MODE:MATERIAL] - [STRATEGY:NONE] - [COOKIE:NO] - [10:37:53][策略1][YouTube] 下载进度：40.7% | 14.0MiB/34.48MiB | 速度 659.60KiB/s | 剩余 00:31
2026-07-31 10:37:55,804 - INFO - [SYSTEM] - [MODE:MATERIAL] - [STRATEGY:NONE] - [COOKIE:NO] - [10:37:55][策略1][YouTube] 下载进度：44.4% | 15.3MiB/34.48MiB | 速度 654.21KiB/s | 剩余 00:30
2026-07-31 10:37:57,784 - INFO - [SYSTEM] - [MODE:MATERIAL] - [STRATEGY:NONE] - [COOKIE:NO] - [10:37:57][策略1][YouTube] 下载进度：48.0% | 16.6MiB/34.48MiB | 速度 651.18KiB/s | 剩余 00:28
2026-07-31 10:37:59,765 - INFO - [SYSTEM] - [MODE:MATERIAL] - [STRATEGY:NONE] - [COOKIE:NO] - [10:37:59][策略1][YouTube] 下载进度：51.6% | 17.8MiB/34.48MiB | 速度 649.58KiB/s | 剩余 00:26
2026-07-31 10:38:01,762 - INFO - [SYSTEM] - [MODE:MATERIAL] - [STRATEGY:NONE] - [COOKIE:NO] - [10:38:01][策略1][YouTube] 下载进度：55.2% | 19.0MiB/34.48MiB | 速度 648.55KiB/s | 剩余 00:24
2026-07-31 10:38:03,166 - INFO - [SYSTEM] - [MODE:MATERIAL] - [STRATEGY:NONE] - [COOKIE:NO] - [10:38:03][策略1][YouTube] 下载进度：57.7% | 19.9MiB/34.48MiB | 速度 5.89MiB/s | 剩余 00:02
2026-07-31 10:38:04,975 - INFO - [SYSTEM] - [MODE:MATERIAL] - [STRATEGY:NONE] - [COOKIE:NO] - [10:38:04][策略1][YouTube] 下载进度：60.9% | 21.0MiB/34.48MiB | 速度 875.52KiB/s | 剩余 00:15
2026-07-31 10:38:06,974 - INFO - [SYSTEM] - [MODE:MATERIAL] - [STRATEGY:NONE] - [COOKIE:NO] - [10:38:06][策略1][YouTube] 下载进度：64.6% | 22.3MiB/34.48MiB | 速度 755.55KiB/s | 剩余 00:16
2026-07-31 10:38:08,980 - INFO - [SYSTEM] - [MODE:MATERIAL] - [STRATEGY:NONE] - [COOKIE:NO] - [10:38:08][策略1][YouTube] 下载进度：68.2% | 23.5MiB/34.48MiB | 速度 715.78KiB/s | 剩余 00:15
2026-07-31 10:38:10,980 - INFO - [SYSTEM] - [MODE:MATERIAL] - [STRATEGY:NONE] - [COOKIE:NO] - [10:38:10][策略1][YouTube] 下载进度：71.8% | 24.8MiB/34.48MiB | 速度 695.83KiB/s | 剩余 00:14
2026-07-31 10:38:12,958 - INFO - [SYSTEM] - [MODE:MATERIAL] - [STRATEGY:NONE] - [COOKIE:NO] - [10:38:12][策略1][YouTube] 下载进度：75.4% | 26.0MiB/34.48MiB | 速度 685.64KiB/s | 剩余 00:12
2026-07-31 10:38:14,983 - INFO - [SYSTEM] - [MODE:MATERIAL] - [STRATEGY:NONE] - [COOKIE:NO] - [10:38:14][策略1][YouTube] 下载进度：79.0% | 27.2MiB/34.48MiB | 速度 674.54KiB/s | 剩余 00:10
2026-07-31 10:38:16,963 - INFO - [SYSTEM] - [MODE:MATERIAL] - [STRATEGY:NONE] - [COOKIE:NO] - [10:38:16][策略1][YouTube] 下载进度：82.6% | 28.5MiB/34.48MiB | 速度 670.12KiB/s | 剩余 00:09
2026-07-31 10:38:18,026 - INFO - [SYSTEM] - [MODE:MATERIAL] - [STRATEGY:NONE] - [COOKIE:NO] - [10:38:18][策略1][YouTube] 下载进度：84.6% | 29.2MiB/34.48MiB | 速度 668.92KiB/s | 剩余 00:08
2026-07-31 10:38:19,677 - INFO - [SYSTEM] - [MODE:MATERIAL] - [STRATEGY:NONE] - [COOKIE:NO] - [10:38:19][策略1][YouTube] 下载进度：87.5% | 30.2MiB/34.48MiB | 速度 733.90KiB/s | 剩余 00:06
2026-07-31 10:38:21,653 - INFO - [SYSTEM] - [MODE:MATERIAL] - [STRATEGY:NONE] - [COOKIE:NO] - [10:38:21][策略1][YouTube] 下载进度：91.1% | 31.4MiB/34.48MiB | 速度 680.62KiB/s | 剩余 00:04
2026-07-31 10:38:23,656 - INFO - [SYSTEM] - [MODE:MATERIAL] - [STRATEGY:NONE] - [COOKIE:NO] - [10:38:23][策略1][YouTube] 下载进度：94.7% | 32.7MiB/34.48MiB | 速度 663.38KiB/s | 剩余 00:02
2026-07-31 10:38:25,530 - INFO - [SYSTEM] - [MODE:MATERIAL] - [STRATEGY:NONE] - [COOKIE:NO] - [10:38:25][策略1][YouTube] 下载进度：98.1% | 33.8MiB/34.48MiB | 速度 658.82KiB/s | 剩余 00:01
2026-07-31 10:38:26,564 - INFO - [SYSTEM] - [MODE:MATERIAL] - [STRATEGY:NONE] - [COOKIE:NO] - [10:38:26][策略1][YouTube] 下载进度：100.0% | 34.5MiB/34.48MiB | 速度 658.22KiB/s | 剩余 00:00
2026-07-31 10:38:28,176 - INFO - [SYSTEM] - [MODE:MATERIAL] - [STRATEGY:NONE] - [COOKIE:NO] - [10:38:28][策略1][YouTube] Selected format: format_id=701+140, res=2160x3840, fps=50, tbr=22979.344999999998, ext=mp4
2026-07-31 10:38:28,176 - INFO - [SYSTEM] - [MODE:MATERIAL] - [STRATEGY:NONE] - [COOKIE:NO] - [10:38:28][策略1][YouTube] 下载成功，耗时 61.7s
2026-07-31 10:38:28,177 - INFO - [SYSTEM] - [MODE:MATERIAL] - [STRATEGY:NONE] - [COOKIE:NO] - [10:37:26] 下载成功 | YouTube | 画质：2160P | 未走 Cookie
2026-07-31 10:38:29,973 - INFO - [SYSTEM] - [MODE:MATERIAL] - [STRATEGY:NONE] - [COOKIE:NO] - 下载额度结算：成功并扣除次数
2026-07-31 10:38:29,973 - INFO - [SYSTEM] - [MODE:MATERIAL] - [STRATEGY:NONE] - [COOKIE:NO] - [10:38:28] 下载完成: https://www.youtube.com/shorts/b-f3X6nVw-0
2026-07-31 10:38:30,208 - INFO - [SYSTEM] - [MODE:MATERIAL] - [STRATEGY:NONE] - [COOKIE:NO] - 顺序批量下载结束，共处理 3 个任务
2026-07-31 10:42:08,343 - INFO - [SYSTEM] - [MODE:MATERIAL] - [STRATEGY:NONE] - [COOKIE:NO] - 已打开下载文件夹: C:/Users/Administrator/Desktop/VideoDown
2026-07-31 10:43:01,541 - INFO - [SYSTEM] - [MODE:MATERIAL] - [STRATEGY:NONE] - [COOKIE:NO] - 正在重启软件...
2026-07-31 10:43:01,880 - INFO - [SYSTEM] - [MODE:MATERIAL] - [STRATEGY:NONE] - [COOKIE:NO] - 已恢复上次预览文件: C:/Users/Administrator/Desktop/VideoDown\The Most Beautiful Streets of New York City Manhattan 4K #newyorkcity #usa-b-f3X6nVw-0.mp4
2026-07-31 10:43:01,959 - INFO - [SYSTEM] - [MODE:MATERIAL] - [STRATEGY:NONE] - [COOKIE:NO] - 启动时检查工具和 Cookie 状态...
2026-07-31 10:43:01,960 - INFO - [SYSTEM] - [MODE:MATERIAL] - [STRATEGY:NONE] - [COOKIE:NO] - Deno.js解析引擎已启动就绪
2026-07-31 10:43:01,960 - INFO - [SYSTEM] - [MODE:MATERIAL] - [STRATEGY:NONE] - [COOKIE:NO] - 所有必要工具已就绪
2026-07-31 10:43:01,961 - INFO - [SYSTEM] - [MODE:MATERIAL] - [STRATEGY:NONE] - [COOKIE:NO] - [10:43:01] Cookie health check:
2026-07-31 10:43:01,961 - INFO - [SYSTEM] - [MODE:MATERIAL] - [STRATEGY:NONE] - [COOKIE:NO] -   YouTube: healthy | score=95 | size=1.63 KB | Cookie valid until 2027-05-25 10:59
2026-07-31 10:43:01,961 - INFO - [SYSTEM] - [MODE:MATERIAL] - [STRATEGY:NONE] - [COOKIE:NO] -   Instagram: healthy | score=95 | size=854.00 B | Cookie valid until 2027-06-04 13:58
2026-07-31 10:43:01,961 - INFO - [SYSTEM] - [MODE:MATERIAL] - [STRATEGY:NONE] - [COOKIE:NO] -   TikTok: healthy | score=95 | size=4.51 KB | Cookie valid until 2027-07-10 14:33
2026-07-31 10:43:01,962 - INFO - [SYSTEM] - [MODE:MATERIAL] - [STRATEGY:NONE] - [COOKIE:NO] -   Twitter: healthy | score=95 | size=1.26 KB | Cookie valid until 2027-07-10 11:13
2026-07-31 10:43:04,434 - INFO - [SYSTEM] - [MODE:MATERIAL] - [STRATEGY:NONE] - [COOKIE:NO] - 账号验证成功（月订阅，今日剩余 97 次）
2026-07-31 10:43:06,652 - INFO - [SYSTEM] - [MODE:MATERIAL] - [STRATEGY:NONE] - [COOKIE:NO] - 已打开激励奖励页面，完成积分墙广告后可领取 3 次
2026-07-31 10:44:26,164 - INFO - [SYSTEM] - [MODE:MATERIAL] - [STRATEGY:NONE] - [COOKIE:NO] - 免费次数领取成功：+3 次，今日剩余 100 次
2026-07-31 11:04:40,382 - INFO - [SYSTEM] - [MODE:MATERIAL] - [STRATEGY:NONE] - [COOKIE:NO] - 正在重启软件...
2026-07-31 11:04:40,713 - INFO - [SYSTEM] - [MODE:MATERIAL] - [STRATEGY:NONE] - [COOKIE:NO] - 已恢复上次预览文件: C:/Users/Administrator/Desktop/VideoDown\The Most Beautiful Streets of New York City Manhattan 4K #newyorkcity #usa-b-f3X6nVw-0.mp4
2026-07-31 11:04:40,799 - INFO - [SYSTEM] - [MODE:MATERIAL] - [STRATEGY:NONE] - [COOKIE:NO] - 启动时检查工具和 Cookie 状态...
2026-07-31 11:04:40,799 - INFO - [SYSTEM] - [MODE:MATERIAL] - [STRATEGY:NONE] - [COOKIE:NO] - Deno.js解析引擎已启动就绪
2026-07-31 11:04:40,799 - INFO - [SYSTEM] - [MODE:MATERIAL] - [STRATEGY:NONE] - [COOKIE:NO] - 所有必要工具已就绪
2026-07-31 11:04:40,800 - INFO - [SYSTEM] - [MODE:MATERIAL] - [STRATEGY:NONE] - [COOKIE:NO] - [11:04:40] Cookie health check:
2026-07-31 11:04:40,800 - INFO - [SYSTEM] - [MODE:MATERIAL] - [STRATEGY:NONE] - [COOKIE:NO] -   YouTube: healthy | score=95 | size=1.63 KB | Cookie valid until 2027-05-25 10:59
2026-07-31 11:04:40,801 - INFO - [SYSTEM] - [MODE:MATERIAL] - [STRATEGY:NONE] - [COOKIE:NO] -   Instagram: healthy | score=95 | size=854.00 B | Cookie valid until 2027-06-04 13:58
2026-07-31 11:04:40,801 - INFO - [SYSTEM] - [MODE:MATERIAL] - [STRATEGY:NONE] - [COOKIE:NO] -   TikTok: healthy | score=95 | size=4.51 KB | Cookie valid until 2027-07-10 14:33
2026-07-31 11:04:40,801 - INFO - [SYSTEM] - [MODE:MATERIAL] - [STRATEGY:NONE] - [COOKIE:NO] -   Twitter: healthy | score=95 | size=1.26 KB | Cookie valid until 2027-07-10 11:13
2026-07-31 11:04:42,950 - INFO - [SYSTEM] - [MODE:MATERIAL] - [STRATEGY:NONE] - [COOKIE:NO] - 账号验证成功（月订阅，今日剩余 97 次）
